Component: ARM Compiler 6.13.1 Tool: armlink [5d895400]

==============================================================================

Section Cross References

    main.o(.text.my_main) refers to api_table.o(.text) for display_setDrawFunc
    main.o(.text.my_main) refers to main.o(.text.terminalSim_setup) for terminalSim_setup
    main.o(.text.my_main) refers to main.o(.text.draw) for draw
    main.o(.ARM.exidx.text.my_main) refers to main.o(.text.my_main) for [Anonymous Symbol]
    main.o(.text.draw) refers to api_table.o(.text) for watchFace_switchUpdate
    main.o(.text.draw) refers to main.o(.text.terminalSim_draw) for terminalSim_draw
    main.o(.ARM.exidx.text.draw) refers to main.o(.text.draw) for [Anonymous Symbol]
    main.o(.text.terminalSim_setup) refers to api_table.o(.text) for millis_get
    main.o(.text.terminalSim_setup) refers to main.o(.bss.m) for [Anonymous Symbol]
    main.o(.ARM.exidx.text.terminalSim_setup) refers to main.o(.text.terminalSim_setup) for [Anonymous Symbol]
    main.o(.text.terminalSim_draw) refers to api_table.o(.text) for millis_get
    main.o(.text.terminalSim_draw) refers to main.o(.bss.m) for [Anonymous Symbol]
    main.o(.ARM.exidx.text.terminalSim_draw) refers to main.o(.text.terminalSim_draw) for [Anonymous Symbol]
    watchface_api.o(.text.systemVariableInit) refers to api_table.o(.text) for blueToothIcon_sysVar
    watchface_api.o(.text.systemVariableInit) refers to watchface_api.o(.bss..L_MergedGlobals) for [Anonymous Symbol]
    watchface_api.o(.ARM.exidx.text.systemVariableInit) refers to watchface_api.o(.text.systemVariableInit) for [Anonymous Symbol]


==============================================================================

Removing Unused input sections from the image.

    Removing main.o(.text), (0 bytes).
    Removing main.o(.ARM.exidx.text.my_main), (8 bytes).
    Removing main.o(.ARM.exidx.text.draw), (8 bytes).
    Removing main.o(.ARM.exidx.text.terminalSim_setup), (8 bytes).
    Removing main.o(.ARM.exidx.text.terminalSim_draw), (8 bytes).
    Removing watchface_api.o(.text), (0 bytes).
    Removing watchface_api.o(.text.systemVariableInit), (60 bytes).
    Removing watchface_api.o(.ARM.exidx.text.systemVariableInit), (8 bytes).
    Removing watchface_api.o(.bss..L_MergedGlobals), (32 bytes).

9 unused section(s) (total 132 bytes) removed from the image.

==============================================================================

Image Symbol Table

    Local Symbols

    Symbol Name                              Value     Ov Type        Size  Object(Section)

    api_table.s                              0x00000000   Number         0  api_table.o ABSOLUTE
    main.c                                   0x00000000   Number         0  main.o ABSOLUTE
    watchface_api.c                          0x00000000   Number         0  watchface_api.o ABSOLUTE
    [Anonymous Symbol]                       0x20007800   Section        0  main.o(.text.my_main)
    __arm_cp.0_0                             0x20007814   Number         4  main.o(.text.my_main)
    $v0                                      0x20007818   Number         0  api_table.o(.text)
    .text                                    0x20007818   Section      452  api_table.o(.text)
    draw                                     0x200079dd   Thumb Code    24  main.o(.text.draw)
    [Anonymous Symbol]                       0x200079dc   Section        0  main.o(.text.draw)
    [Anonymous Symbol]                       0x200079f4   Section        0  main.o(.text.terminalSim_draw)
    [Anonymous Symbol]                       0x20007a38   Section        0  main.o(.text.terminalSim_setup)
    __arm_cp.2_0                             0x20007a74   Number         4  main.o(.text.terminalSim_setup)
    __arm_cp.2_1                             0x20007a78   Number         4  main.o(.text.terminalSim_setup)
    m                                        0x20007a7c   Data          32  main.o(.bss.m)
    [Anonymous Symbol]                       0x20007a7c   Section        0  main.o(.bss.m)

    Global Symbols

    Symbol Name                              Value     Ov Type        Size  Object(Section)

    BuildAttributes$$THM_ISAv4$E$P$D$K$B$S$7EM$VFPi3$EXTD16$VFPS$VFMA$PE$A:L22UL41UL21$X:L11$S22US41US21$IEEE1$IW$~IW$USESV6$~STKCKD$USESV7$~SHL$OSPACE$EBA8$STANDARDLIB$REQ8$PRES8$EABIv2 0x00000000   Number         0  anon$$obj.o ABSOLUTE
    my_main                                  0x20007801   Thumb Code    24  main.o(.text.my_main)
    alarm_getNext                            0x20007819   Thumb Code    14  api_table.o(.text)
    alarm_getNextDay                         0x20007827   Thumb Code    14  api_table.o(.text)
    appConfig_sysVar                         0x20007835   Thumb Code    14  api_table.o(.text)
    colon_sysVar                             0x20007843   Thumb Code    14  api_table.o(.text)
    display_setDrawFunc                      0x20007851   Thumb Code    14  api_table.o(.text)
    div10                                    0x2000785f   Thumb Code    14  api_table.o(.text)
    dowImg_sysVar                            0x2000786d   Thumb Code    14  api_table.o(.text)
    drawBattery                              0x2000787b   Thumb Code    14  api_table.o(.text)
    drawDate                                 0x20007889   Thumb Code    14  api_table.o(.text)
    drawTemperature                          0x20007897   Thumb Code    14  api_table.o(.text)
    draw_bitmap                              0x200078a5   Thumb Code    14  api_table.o(.text)
    draw_string                              0x200078b3   Thumb Code    14  api_table.o(.text)
    millis_get                               0x200078c1   Thumb Code    14  api_table.o(.text)
    mod10                                    0x200078cf   Thumb Code    14  api_table.o(.text)
    openLSM6DSM                              0x200078dd   Thumb Code    14  api_table.o(.text)
    open_watchface_general                   0x200078eb   Thumb Code    14  api_table.o(.text)
    stopwatch_sysVar                         0x200078f9   Thumb Code    14  api_table.o(.text)
    stopwatch_active                         0x20007907   Thumb Code    14  api_table.o(.text)
    timeDate_sysVar                          0x20007915   Thumb Code    14  api_table.o(.text)
    time_timeMode                            0x20007923   Thumb Code    14  api_table.o(.text)
    watchFace_switchUpdate                   0x20007931   Thumb Code    14  api_table.o(.text)
    console_log                              0x2000793f   Thumb Code    14  api_table.o(.text)
    drawVectorChar                           0x2000794d   Thumb Code    14  api_table.o(.text)
    setVectorDrawClipWin                     0x2000795b   Thumb Code    14  api_table.o(.text)
    getBtLinkState                           0x20007969   Thumb Code    14  api_table.o(.text)
    getCharingState                          0x20007977   Thumb Code    14  api_table.o(.text)
    blueToothIcon_sysVar                     0x20007985   Thumb Code    14  api_table.o(.text)
    chargeIcon_sysVar                        0x20007993   Thumb Code    14  api_table.o(.text)
    myOLED_DrawLine                          0x200079a1   Thumb Code    14  api_table.o(.text)
    smallFont_sysVar                         0x200079af   Thumb Code    14  api_table.o(.text)
    ticker                                   0x200079bd   Thumb Code    14  api_table.o(.text)
    draw_point                               0x200079cb   Thumb Code    14  api_table.o(.text)
    terminalSim_draw                         0x200079f5   Thumb Code    68  main.o(.text.terminalSim_draw)
    terminalSim_setup                        0x20007a39   Thumb Code    68  main.o(.text.terminalSim_setup)



==============================================================================

Memory Map of the image

  Image Entry point : 0x20007801

  Load Region LR_IROM1 (Base: 0x20007800, Size: 0x0000027c, Max: 0x00010800, ABSOLUTE)

    Execution Region RW_IRAM2 (Exec base: 0x10000000, Load base: 0x20007a7c, Size: 0x00000000, Max: 0x00004000, ABSOLUTE)

    **** No section assigned to this execution region ****


    Execution Region ER_IROM1 (Exec base: 0x20007800, Load base: 0x20007800, Size: 0x0000029c, Max: 0x00010800, ABSOLUTE)

    Exec Addr    Load Addr    Size         Type   Attr      Idx    E Section Name        Object

    0x20007800   0x20007800   0x00000018   Code   RO            2  * .text.my_main       main.o
    0x20007818   0x20007818   0x000001c4   Code   RO           11    .text               api_table.o
    0x200079dc   0x200079dc   0x00000018   Code   RO            4    .text.draw          main.o
    0x200079f4   0x200079f4   0x00000044   Code   RO            8    .text.terminalSim_draw  main.o
    0x20007a38   0x20007a38   0x00000044   Code   RO            6    .text.terminalSim_setup  main.o
    0x20007a7c        -       0x00000020   Zero   RW           10    .bss.m              main.o


==============================================================================

Image component sizes


      Code (inc. data)   RO Data    RW Data    ZI Data      Debug   Object Name

       452          4          0          0          0          0   api_table.o
       184         12          0          0         32          0   main.o

    ----------------------------------------------------------------------
       636         16          0          0         32          0   Object Totals
         0          0          0          0          0          0   (incl. Generated)
         0          0          0          0          0          0   (incl. Padding)

    ----------------------------------------------------------------------
         0          0          0          0          0          0   Library Totals
         0          0          0          0          0          0   (incl. Padding)

    ----------------------------------------------------------------------

==============================================================================


      Code (inc. data)   RO Data    RW Data    ZI Data      Debug   

       636         16          0          0         32          0   Grand Totals
       636         16          0          0         32          0   ELF Image Totals
       636         16          0          0          0          0   ROM Totals

==============================================================================

    Total RO  Size (Code + RO Data)                  636 (   0.62kB)
    Total RW  Size (RW Data + ZI Data)                32 (   0.03kB)
    Total ROM Size (Code + RO Data + RW Data)        636 (   0.62kB)

==============================================================================

