Component: ARM Compiler 5.05 update 1 (build 106) Tool: armlink [4d0efa]

==============================================================================

Section Cross References

    startup_stm32f10x_md.o(STACK) refers (Special) to heapauxi.o(.text) for __use_two_region_memory
    startup_stm32f10x_md.o(HEAP) refers (Special) to heapauxi.o(.text) for __use_two_region_memory
    startup_stm32f10x_md.o(RESET) refers (Special) to heapauxi.o(.text) for __use_two_region_memory
    startup_stm32f10x_md.o(RESET) refers to startup_stm32f10x_md.o(STACK) for __initial_sp
    startup_stm32f10x_md.o(RESET) refers to startup_stm32f10x_md.o(.text) for Reset_Handler
    startup_stm32f10x_md.o(RESET) refers to stm32f10x_it.o(i.NMI_Handler) for NMI_Handler
    startup_stm32f10x_md.o(RESET) refers to stm32f10x_it.o(i.HardFault_Handler) for HardFault_Handler
    startup_stm32f10x_md.o(RESET) refers to stm32f10x_it.o(i.MemManage_Handler) for MemManage_Handler
    startup_stm32f10x_md.o(RESET) refers to stm32f10x_it.o(i.BusFault_Handler) for BusFault_Handler
    startup_stm32f10x_md.o(RESET) refers to stm32f10x_it.o(i.UsageFault_Handler) for UsageFault_Handler
    startup_stm32f10x_md.o(RESET) refers to stm32f10x_it.o(i.SVC_Handler) for SVC_Handler
    startup_stm32f10x_md.o(RESET) refers to stm32f10x_it.o(i.DebugMon_Handler) for DebugMon_Handler
    startup_stm32f10x_md.o(RESET) refers to stm32f10x_it.o(i.PendSV_Handler) for PendSV_Handler
    startup_stm32f10x_md.o(RESET) refers to stm32f10x_it.o(i.SysTick_Handler) for SysTick_Handler
    startup_stm32f10x_md.o(.text) refers (Special) to heapauxi.o(.text) for __use_two_region_memory
    startup_stm32f10x_md.o(.text) refers to system_stm32f10x.o(i.SystemInit) for SystemInit
    startup_stm32f10x_md.o(.text) refers to __main.o(!!!main) for __main
    startup_stm32f10x_md.o(.text) refers to startup_stm32f10x_md.o(HEAP) for Heap_Mem
    startup_stm32f10x_md.o(.text) refers to startup_stm32f10x_md.o(STACK) for Stack_Mem
    system_stm32f10x.o(i.SystemCoreClockUpdate) refers to system_stm32f10x.o(.data) for .data
    system_stm32f10x.o(i.SystemInit) refers to system_stm32f10x.o(i.SetSysClockTo72) for SetSysClockTo72
    stm32f10x_adc.o(i.ADC_DeInit) refers to stm32f10x_rcc.o(i.RCC_APB2PeriphResetCmd) for RCC_APB2PeriphResetCmd
    stm32f10x_bkp.o(i.BKP_DeInit) refers to stm32f10x_rcc.o(i.RCC_BackupResetCmd) for RCC_BackupResetCmd
    stm32f10x_can.o(i.CAN_DeInit) refers to stm32f10x_rcc.o(i.RCC_APB1PeriphResetCmd) for RCC_APB1PeriphResetCmd
    stm32f10x_can.o(i.CAN_GetITStatus) refers to stm32f10x_can.o(i.CheckITStatus) for CheckITStatus
    stm32f10x_cec.o(i.CEC_DeInit) refers to stm32f10x_rcc.o(i.RCC_APB1PeriphResetCmd) for RCC_APB1PeriphResetCmd
    stm32f10x_dac.o(i.DAC_DeInit) refers to stm32f10x_rcc.o(i.RCC_APB1PeriphResetCmd) for RCC_APB1PeriphResetCmd
    stm32f10x_flash.o(i.FLASH_EnableWriteProtection) refers to stm32f10x_flash.o(i.FLASH_WaitForLastOperation) for FLASH_WaitForLastOperation
    stm32f10x_flash.o(i.FLASH_EraseAllBank1Pages) refers to stm32f10x_flash.o(i.FLASH_WaitForLastBank1Operation) for FLASH_WaitForLastBank1Operation
    stm32f10x_flash.o(i.FLASH_EraseAllPages) refers to stm32f10x_flash.o(i.FLASH_WaitForLastOperation) for FLASH_WaitForLastOperation
    stm32f10x_flash.o(i.FLASH_EraseOptionBytes) refers to stm32f10x_flash.o(i.FLASH_GetReadOutProtectionStatus) for FLASH_GetReadOutProtectionStatus
    stm32f10x_flash.o(i.FLASH_EraseOptionBytes) refers to stm32f10x_flash.o(i.FLASH_WaitForLastOperation) for FLASH_WaitForLastOperation
    stm32f10x_flash.o(i.FLASH_ErasePage) refers to stm32f10x_flash.o(i.FLASH_WaitForLastOperation) for FLASH_WaitForLastOperation
    stm32f10x_flash.o(i.FLASH_ProgramHalfWord) refers to stm32f10x_flash.o(i.FLASH_WaitForLastOperation) for FLASH_WaitForLastOperation
    stm32f10x_flash.o(i.FLASH_ProgramOptionByteData) refers to stm32f10x_flash.o(i.FLASH_WaitForLastOperation) for FLASH_WaitForLastOperation
    stm32f10x_flash.o(i.FLASH_ProgramWord) refers to stm32f10x_flash.o(i.FLASH_WaitForLastOperation) for FLASH_WaitForLastOperation
    stm32f10x_flash.o(i.FLASH_ReadOutProtection) refers to stm32f10x_flash.o(i.FLASH_WaitForLastOperation) for FLASH_WaitForLastOperation
    stm32f10x_flash.o(i.FLASH_UserOptionByteConfig) refers to stm32f10x_flash.o(i.FLASH_WaitForLastOperation) for FLASH_WaitForLastOperation
    stm32f10x_flash.o(i.FLASH_WaitForLastBank1Operation) refers to stm32f10x_flash.o(i.FLASH_GetBank1Status) for FLASH_GetBank1Status
    stm32f10x_flash.o(i.FLASH_WaitForLastOperation) refers to stm32f10x_flash.o(i.FLASH_GetBank1Status) for FLASH_GetBank1Status
    stm32f10x_gpio.o(i.GPIO_AFIODeInit) refers to stm32f10x_rcc.o(i.RCC_APB2PeriphResetCmd) for RCC_APB2PeriphResetCmd
    stm32f10x_gpio.o(i.GPIO_DeInit) refers to stm32f10x_rcc.o(i.RCC_APB2PeriphResetCmd) for RCC_APB2PeriphResetCmd
    stm32f10x_i2c.o(i.I2C_DeInit) refers to stm32f10x_rcc.o(i.RCC_APB1PeriphResetCmd) for RCC_APB1PeriphResetCmd
[...]
    Removing u8x8_setup_1.o(.constdata), (24 bytes).
    Removing u8x8_string_1.o(i.u8x8_CopyStringLine), (40 bytes).
    Removing u8x8_string_1.o(i.u8x8_DrawUTF8Line), (116 bytes).
    Removing u8x8_string_1.o(i.u8x8_DrawUTF8Lines), (66 bytes).
    Removing u8x8_string_1.o(i.u8x8_GetStringLineCnt), (26 bytes).
    Removing u8x8_string_1.o(i.u8x8_GetStringLineStart), (36 bytes).
    Removing u8x8_u8toa_1.o(i.u8x8_u8toa), (24 bytes).
    Removing u8x8_u8toa_1.o(i.u8x8_u8toap), (44 bytes).
    Removing u8x8_u8toa_1.o(.constdata), (3 bytes).
    Removing u8x8_u8toa_1.o(.data), (4 bytes).
    Removing u8x8_u16toa_1.o(i.u8x8_u16toa), (24 bytes).
    Removing u8x8_u16toa_1.o(i.u8x8_u16toap), (46 bytes).
    Removing u8x8_u16toa_1.o(i.u8x8_utoa), (28 bytes).
    Removing u8x8_u16toa_1.o(.data), (6 bytes).
    Removing led.o(i.LED1_OFF), (12 bytes).
    Removing led.o(i.LED1_ON), (12 bytes).
    Removing led.o(i.LED1_Turn), (44 bytes).
    Removing led.o(i.LED2_OFF), (12 bytes).
    Removing led.o(i.LED2_ON), (12 bytes).
    Removing led.o(i.LED2_Turn), (44 bytes).
    Removing led.o(i.LED_Init), (44 bytes).
    Removing key.o(i.Static_Key_GetNum), (164 bytes).
    Removing key.o(.data), (1 bytes).
    Removing oled.o(i.IIC_OLED_SCL_HIGH), (16 bytes).
    Removing oled.o(i.IIC_OLED_SCL_LOW), (16 bytes).
    Removing oled.o(i.IIC_OLED_SDA_HIGH), (16 bytes).
    Removing oled.o(i.IIC_OLED_SDA_LOW), (16 bytes).
    Removing oled.o(i.OLED_Clear), (38 bytes).
    Removing oled.o(i.OLED_I2C_Init), (80 bytes).
    Removing oled.o(i.OLED_I2C_SendByte), (92 bytes).
    Removing oled.o(i.OLED_I2C_Start), (56 bytes).
    Removing oled.o(i.OLED_I2C_Stop), (48 bytes).
    Removing oled.o(i.OLED_Init), (172 bytes).
    Removing oled.o(i.OLED_Pow), (14 bytes).
    Removing oled.o(i.OLED_SetCursor), (34 bytes).
    Removing oled.o(i.OLED_ShowBinNum), (58 bytes).
    Removing oled.o(i.OLED_ShowChar), (104 bytes).
    Removing oled.o(i.OLED_ShowHexNum), (68 bytes).
    Removing oled.o(i.OLED_ShowNum), (66 bytes).
    Removing oled.o(i.OLED_ShowSignedNum), (88 bytes).
    Removing oled.o(i.OLED_ShowString), (38 bytes).
    Removing oled.o(i.OLED_WriteCommand), (34 bytes).
    Removing oled.o(i.OLED_WriteData), (34 bytes).
    Removing oled.o(i.RCC_HSE_Configuration), (98 bytes).
    Removing oled.o(.constdata), (1520 bytes).
    Removing menu.o(.constdata), (512 bytes).
    Removing menu.o(.constdata), (128 bytes).
    Removing menu.o(.constdata), (128 bytes).
    Removing menu.o(.constdata), (128 bytes).
    Removing menu.o(.constdata), (272 bytes).
    Removing menu.o(.data), (2 bytes).
    Removing menu.o(.data), (1 bytes).
    Removing usar1t.o(i.Usart_SendArray), (46 bytes).
    Removing usar1t.o(i.Usart_SendByte), (22 bytes).
    Removing usar1t.o(i.Usart_SendHalfWord), (48 bytes).
    Removing usar1t.o(i.Usart_SendString), (40 bytes).
    Removing usar1t.o(i.fgetc), (32 bytes).
    Removing usar1t.o(i.fputc), (36 bytes).

2909 unused section(s) (total 11456999 bytes) removed from the image.

==============================================================================

Image Symbol Table

    Local Symbols

    Symbol Name                              Value     Ov Type        Size  Object(Section)

    ../clib/angel/boardlib.s                 0x00000000   Number         0  boardshut.o ABSOLUTE
    ../clib/angel/boardlib.s                 0x00000000   Number         0  boardinit3.o ABSOLUTE
    ../clib/angel/boardlib.s                 0x00000000   Number         0  boardinit2.o ABSOLUTE
    ../clib/angel/boardlib.s                 0x00000000   Number         0  boardinit1.o ABSOLUTE
    ../clib/angel/handlers.s                 0x00000000   Number         0  __scatter_copy.o ABSOLUTE
    ../clib/angel/handlers.s                 0x00000000   Number         0  __scatter_zi.o ABSOLUTE
    ../clib/angel/kernel.s                   0x00000000   Number         0  rtexit2.o ABSOLUTE
    ../clib/angel/kernel.s                   0x00000000   Number         0  __rtentry4.o ABSOLUTE
    ../clib/angel/kernel.s                   0x00000000   Number         0  __rtentry2.o ABSOLUTE
    ../clib/angel/kernel.s                   0x00000000   Number         0  rtexit.o ABSOLUTE
    ../clib/angel/kernel.s                   0x00000000   Number         0  __rtentry.o ABSOLUTE
    ../clib/angel/rt.s                       0x00000000   Number         0  rt_raise.o ABSOLUTE
    ../clib/angel/scatter.s                  0x00000000   Number         0  __scatter.o ABSOLUTE
    ../clib/angel/startup.s                  0x00000000   Number         0  __main.o ABSOLUTE
    ../clib/angel/sys.s                      0x00000000   Number         0  sys_stackheap_outer.o ABSOLUTE
    ../clib/angel/sys.s                      0x00000000   Number         0  use_no_semi.o ABSOLUTE
    ../clib/angel/sys.s                      0x00000000   Number         0  indicate_semi.o ABSOLUTE
    ../clib/angel/sys.s                      0x00000000   Number         0  libspace.o ABSOLUTE
    ../clib/angel/sysapp.c                   0x00000000   Number         0  sys_exit.o ABSOLUTE
    ../clib/angel/sysapp.c                   0x00000000   Number         0  sys_command.o ABSOLUTE
    ../clib/angel/sysapp.c                   0x00000000   Number         0  sys_wrch.o ABSOLUTE
    ../clib/armsys.c                         0x00000000   Number         0  no_argv.o ABSOLUTE
    ../clib/armsys.c                         0x00000000   Number         0  _get_argv_nomalloc.o ABSOLUTE
    ../clib/armsys.c                         0x00000000   Number         0  argv_veneer.o ABSOLUTE
    ../clib/armsys.c                         0x00000000   Number         0  argv_veneer.o ABSOLUTE
    ../clib/heapalloc.c                      0x00000000   Number         0  hrguard.o ABSOLUTE
    ../clib/heapaux.c                        0x00000000   Number         0  heapauxi.o ABSOLUTE
    ../clib/libinit.s                        0x00000000   Number         0  libshutdown.o ABSOLUTE
    ../clib/libinit.s                        0x00000000   Number         0  libshutdown2.o ABSOLUTE
    ../clib/libinit.s                        0x00000000   Number         0  libinit2.o ABSOLUTE
    ../clib/libinit.s                        0x00000000   Number         0  libinit.o ABSOLUTE
    ../clib/memcpset.s                       0x00000000   Number         0  rt_memclr_w.o ABSOLUTE
    ../clib/memcpset.s                       0x00000000   Number         0  rt_memclr.o ABSOLUTE
    ../clib/signal.c                         0x00000000   Number         0  defsig_rtmem_inner.o ABSOLUTE
    ../clib/signal.c                         0x00000000   Number         0  defsig_rtmem_formal.o ABSOLUTE
    ../clib/signal.c                         0x00000000   Number         0  defsig_rtmem_outer.o ABSOLUTE
    ../clib/signal.c                         0x00000000   Number         0  defsig_cppl_inner.o ABSOLUTE
    ../clib/signal.c                         0x00000000   Number         0  defsig_segv_inner.o ABSOLUTE
    ../clib/signal.c                         0x00000000   Number         0  defsig_other.o ABSOLUTE
    ../clib/signal.c                         0x00000000   Number         0  defsig_exit.o ABSOLUTE
    ../clib/signal.c                         0x00000000   Number         0  defsig_pvfn_inner.o ABSOLUTE
    ../clib/signal.c                         0x00000000   Number         0  defsig_stak_inner.o ABSOLUTE
    ../clib/signal.c                         0x00000000   Number         0  defsig_rtred_inner.o ABSOLUTE
    ../clib/signal.c                         0x00000000   Number         0  defsig_fpe_inner.o ABSOLUTE
    ../clib/signal.c                         0x00000000   Number         0  defsig_abrt_inner.o ABSOLUTE
    ../clib/signal.c                         0x00000000   Number         0  defsig_general.o ABSOLUTE
    ../clib/signal.c                         0x00000000   Number         0  __raise.o ABSOLUTE
    ../clib/signal.s                         0x00000000   Number         0  defsig.o ABSOLUTE
    ../clib/stdlib.c                         0x00000000   Number         0  exit.o ABSOLUTE
    ../fplib/fpinit.s                        0x00000000   Number         0  fpinit.o ABSOLUTE
    Hareware\Key.c                           0x00000000   Number         0  key.o ABSOLUTE
    Hareware\LED.c                           0x00000000   Number         0  led.o ABSOLUTE
    Hareware\Menu.c                          0x00000000   Number         0  menu.o ABSOLUTE
    Hareware\OLED.c                          0x00000000   Number         0  oled.o ABSOLUTE
    Hareware\u8g2\mui.c                      0x00000000   Number         0  mui_1.o ABSOLUTE
    Hareware\u8g2\mui_u8g2.c                 0x00000000   Number         0  mui_u8g2_1.o ABSOLUTE
    Hareware\u8g2\u8g2_bitmap.c              0x00000000   Number         0  u8g2_bitmap_1.o ABSOLUTE
    Hareware\u8g2\u8g2_box.c                 0x00000000   Number         0  u8g2_box_1.o ABSOLUTE
    Hareware\u8g2\u8g2_buffer.c              0x00000000   Number         0  u8g2_buffer_1.o ABSOLUTE
    Hareware\u8g2\u8g2_button.c              0x00000000   Number         0  u8g2_button_1.o ABSOLUTE
    Hareware\u8g2\u8g2_circle.c              0x00000000   Number         0  u8g2_circle_1.o ABSOLUTE
    Hareware\u8g2\u8g2_cleardisplay.c        0x00000000   Number         0  u8g2_cleardisplay_1.o ABSOLUTE
    Hareware\u8g2\u8g2_d_memory.c            0x00000000   Number         0  u8g2_d_memory_1.o ABSOLUTE
    Hareware\u8g2\u8g2_d_setup.c             0x00000000   Number         0  u8g2_d_setup_1.o ABSOLUTE
    Hareware\u8g2\u8g2_font.c                0x00000000   Number         0  u8g2_font_1.o ABSOLUTE
    Hareware\u8g2\u8g2_fonts.c               0x00000000   Number         0  u8g2_fonts_1.o ABSOLUTE
    Hareware\u8g2\u8g2_hvline.c              0x00000000   Number         0  u8g2_hvline_1.o ABSOLUTE
    Hareware\u8g2\u8g2_input_value.c         0x00000000   Number         0  u8g2_input_value_1.o ABSOLUTE
    Hareware\u8g2\u8g2_intersection.c        0x00000000   Number         0  u8g2_intersection_1.o ABSOLUTE
    Hareware\u8g2\u8g2_kerning.c             0x00000000   Number         0  u8g2_kerning_1.o ABSOLUTE
    Hareware\u8g2\u8g2_line.c                0x00000000   Number         0  u8g2_line_1.o ABSOLUTE
    Hareware\u8g2\u8g2_ll_hvline.c           0x00000000   Number         0  u8g2_ll_hvline_1.o ABSOLUTE
    Hareware\u8g2\u8g2_message.c             0x00000000   Number         0  u8g2_message_1.o ABSOLUTE
    Hareware\u8g2\u8g2_polygon.c             0x00000000   Number         0  u8g2_polygon_1.o ABSOLUTE
    Hareware\u8g2\u8g2_selection_list.c      0x00000000   Number         0  u8g2_selection_list_1.o ABSOLUTE
    Hareware\u8g2\u8g2_setup.c               0x00000000   Number         0  u8g2_setup_1.o ABSOLUTE
    Hareware\u8g2\u8log.c                    0x00000000   Number         0  u8log_1.o ABSOLUTE
    Hareware\u8g2\u8log_u8g2.c               0x00000000   Number         0  u8log_u8g2_1.o ABSOLUTE
    Hareware\u8g2\u8log_u8x8.c               0x00000000   Number         0  u8log_u8x8_1.o ABSOLUTE
    Hareware\u8g2\u8x8_8x8.c                 0x00000000   Number         0  u8x8_8x8_1.o ABSOLUTE
    Hareware\u8g2\u8x8_byte.c                0x00000000   Number         0  u8x8_byte_1.o ABSOLUTE
    Hareware\u8g2\u8x8_cad.c                 0x00000000   Number         0  u8x8_cad_1.o ABSOLUTE
    Hareware\u8g2\u8x8_capture.c             0x00000000   Number         0  u8x8_capture_1.o ABSOLUTE
    Hareware\u8g2\u8x8_d_ssd1306_128x64_noname.c 0x00000000   Number         0  u8x8_d_ssd1306_128x64_noname_1.o ABSOLUTE
    Hareware\u8g2\u8x8_debounce.c            0x00000000   Number         0  u8x8_debounce_1.o ABSOLUTE
    Hareware\u8g2\u8x8_display.c             0x00000000   Number         0  u8x8_display_1.o ABSOLUTE
    Hareware\u8g2\u8x8_fonts.c               0x00000000   Number         0  u8x8_fonts_1.o ABSOLUTE
    Hareware\u8g2\u8x8_gpio.c                0x00000000   Number         0  u8x8_gpio_1.o ABSOLUTE
    Hareware\u8g2\u8x8_input_value.c         0x00000000   Number         0  u8x8_input_value_1.o ABSOLUTE
    Hareware\u8g2\u8x8_message.c             0x00000000   Number         0  u8x8_message_1.o ABSOLUTE
    Hareware\u8g2\u8x8_selection_list.c      0x00000000   Number         0  u8x8_selection_list_1.o ABSOLUTE
    Hareware\u8g2\u8x8_setup.c               0x00000000   Number         0  u8x8_setup_1.o ABSOLUTE
    Hareware\u8g2\u8x8_string.c              0x00000000   Number         0  u8x8_string_1.o ABSOLUTE
    Hareware\u8g2\u8x8_u16toa.c              0x00000000   Number         0  u8x8_u16toa_1.o ABSOLUTE
    Hareware\u8g2\u8x8_u8toa.c               0x00000000   Number         0  u8x8_u8toa_1.o ABSOLUTE
    Hareware\usar1t.c                        0x00000000   Number         0  usar1t.o ABSOLUTE
    Library\misc.c                           0x00000000   Number         0  misc.o ABSOLUTE
    Library\stm32f10x_adc.c                  0x00000000   Number         0  stm32f10x_adc.o ABSOLUTE
    Library\stm32f10x_bkp.c                  0x00000000   Number         0  stm32f10x_bkp.o ABSOLUTE
    Library\stm32f10x_can.c                  0x00000000   Number         0  stm32f10x_can.o ABSOLUTE
    Library\stm32f10x_cec.c                  0x00000000   Number         0  stm32f10x_cec.o ABSOLUTE
    Library\stm32f10x_crc.c                  0x00000000   Number         0  stm32f10x_crc.o ABSOLUTE
    Library\stm32f10x_dac.c                  0x00000000   Number         0  stm32f10x_dac.o ABSOLUTE
    Library\stm32f10x_dbgmcu.c               0x00000000   Number         0  stm32f10x_dbgmcu.o ABSOLUTE
    Library\stm32f10x_dma.c                  0x00000000   Number         0  stm32f10x_dma.o ABSOLUTE
    Library\stm32f10x_exti.c                 0x00000000   Number         0  stm32f10x_exti.o ABSOLUTE
    Library\stm32f10x_flash.c                0x00000000   Number         0  stm32f10x_flash.o ABSOLUTE
    Library\stm32f10x_fsmc.c                 0x00000000   Number         0  stm32f10x_fsmc.o ABSOLUTE
    Library\stm32f10x_gpio.c                 0x00000000   Number         0  stm32f10x_gpio.o ABSOLUTE
    Library\stm32f10x_i2c.c                  0x00000000   Number         0  stm32f10x_i2c.o ABSOLUTE
    Library\stm32f10x_iwdg.c                 0x00000000   Number         0  stm32f10x_iwdg.o ABSOLUTE
    Library\stm32f10x_pwr.c                  0x00000000   Number         0  stm32f10x_pwr.o ABSOLUTE
    Library\stm32f10x_rcc.c                  0x00000000   Number         0  stm32f10x_rcc.o ABSOLUTE
    Library\stm32f10x_rtc.c                  0x00000000   Number         0  stm32f10x_rtc.o ABSOLUTE
    Library\stm32f10x_sdio.c                 0x00000000   Number         0  stm32f10x_sdio.o ABSOLUTE
    Library\stm32f10x_spi.c                  0x00000000   Number         0  stm32f10x_spi.o ABSOLUTE
    Library\stm32f10x_tim.c                  0x00000000   Number         0  stm32f10x_tim.o ABSOLUTE
    Library\stm32f10x_usart.c                0x00000000   Number         0  stm32f10x_usart.o ABSOLUTE
    Library\stm32f10x_wwdg.c                 0x00000000   Number         0  stm32f10x_wwdg.o ABSOLUTE
    Start\\core_cm3.c                        0x00000000   Number         0  core_cm3.o ABSOLUTE
    Start\core_cm3.c                         0x00000000   Number         0  core_cm3.o ABSOLUTE
    Start\startup_stm32f10x_md.s             0x00000000   Number         0  startup_stm32f10x_md.o ABSOLUTE
    Start\system_stm32f10x.c                 0x00000000   Number         0  system_stm32f10x.o ABSOLUTE
    System\Delay.c                           0x00000000   Number         0  delay.o ABSOLUTE
    User\main.c                              0x00000000   Number         0  main.o ABSOLUTE
    User\stm32f10x_it.c                      0x00000000   Number         0  stm32f10x_it.o ABSOLUTE
    dc.s                                     0x00000000   Number         0  dc.o ABSOLUTE
    RESET                                    0x08000000   Section      236  startup_stm32f10x_md.o(RESET)
    !!!main                                  0x080000ec   Section        8  __main.o(!!!main)
    !!!scatter                               0x080000f4   Section       52  __scatter.o(!!!scatter)
    !!handler_copy                           0x08000128   Section       26  __scatter_copy.o(!!handler_copy)
    !!handler_zi                             0x08000144   Section       28  __scatter_zi.o(!!handler_zi)
    .ARM.Collect$$libinit$$00000000          0x08000160   Section        2  libinit.o(.ARM.Collect$$libinit$$00000000)
    .ARM.Collect$$libinit$$00000002          0x08000162   Section        0  libinit2.o(.ARM.Collect$$libinit$$00000002)
    .ARM.Collect$$libinit$$00000004          0x08000162   Section        0  libinit2.o(.ARM.Collect$$libinit$$00000004)
    .ARM.Collect$$libinit$$0000000A          0x08000162   Section        0  libinit2.o(.ARM.Collect$$libinit$$0000000A)
    .ARM.Collect$$libinit$$0000000C          0x08000162   Section        0  libinit2.o(.ARM.Collect$$libinit$$0000000C)
    .ARM.Collect$$libinit$$0000000E          0x08000162   Section        0  libinit2.o(.ARM.Collect$$libinit$$0000000E)
    .ARM.Collect$$libinit$$00000011          0x08000162   Section        0  libinit2.o(.ARM.Collect$$libinit$$00000011)
    .ARM.Collect$$libinit$$00000013          0x08000162   Section        0  libinit2.o(.ARM.Collect$$libinit$$00000013)
    .ARM.Collect$$libinit$$00000015          0x08000162   Section        0  libinit2.o(.ARM.Collect$$libinit$$00000015)
    .ARM.Collect$$libinit$$00000017          0x08000162   Section        0  libinit2.o(.ARM.Collect$$libinit$$00000017)
    .ARM.Collect$$libinit$$00000019          0x08000162   Section        0  libinit2.o(.ARM.Collect$$libinit$$00000019)
    .ARM.Collect$$libinit$$0000001B          0x08000162   Section        0  libinit2.o(.ARM.Collect$$libinit$$0000001B)
    .ARM.Collect$$libinit$$0000001D          0x08000162   Section        0  libinit2.o(.ARM.Collect$$libinit$$0000001D)
    .ARM.Collect$$libinit$$0000001F          0x08000162   Section        0  libinit2.o(.ARM.Collect$$libinit$$0000001F)
    .ARM.Collect$$libinit$$00000021          0x08000162   Section        0  libinit2.o(.ARM.Collect$$libinit$$00000021)
    .ARM.Collect$$libinit$$00000023          0x08000162   Section        0  libinit2.o(.ARM.Collect$$libinit$$00000023)
    .ARM.Collect$$libinit$$00000025          0x08000162   Section        0  libinit2.o(.ARM.Collect$$libinit$$00000025)
    .ARM.Collect$$libinit$$0000002C          0x08000162   Section        0  libinit2.o(.ARM.Collect$$libinit$$0000002C)
    .ARM.Collect$$libinit$$0000002E          0x08000162   Section        0  libinit2.o(.ARM.Collect$$libinit$$0000002E)
    .ARM.Collect$$libinit$$00000030          0x08000162   Section        0  libinit2.o(.ARM.Collect$$libinit$$00000030)
    .ARM.Collect$$libinit$$00000032          0x08000162   Section        0  libinit2.o(.ARM.Collect$$libinit$$00000032)
    .ARM.Collect$$libinit$$00000033          0x08000162   Section        2  libinit2.o(.ARM.Collect$$libinit$$00000033)
    .ARM.Collect$$libshutdown$$00000000      0x08000164   Section        2  libshutdown.o(.ARM.Collect$$libshutdown$$00000000)
    .ARM.Collect$$libshutdown$$00000003      0x08000166   Section        0  libshutdown2.o(.ARM.Collect$$libshutdown$$00000003)
    .ARM.Collect$$libshutdown$$00000006      0x08000166   Section        0  libshutdown2.o(.ARM.Collect$$libshutdown$$00000006)
    .ARM.Collect$$libshutdown$$00000009      0x08000166   Section        0  libshutdown2.o(.ARM.Collect$$libshutdown$$00000009)
    .ARM.Collect$$libshutdown$$0000000B      0x08000166   Section        0  libshutdown2.o(.ARM.Collect$$libshutdown$$0000000B)
    .ARM.Collect$$libshutdown$$0000000E      0x08000166   Section        0  libshutdown2.o(.ARM.Collect$$libshutdown$$0000000E)
    .ARM.Collect$$libshutdown$$0000000F      0x08000166   Section        2  libshutdown2.o(.ARM.Collect$$libshutdown$$0000000F)
    .ARM.Collect$$rtentry$$00000000          0x08000168   Section        0  __rtentry.o(.ARM.Collect$$rtentry$$00000000)
    .ARM.Collect$$rtentry$$00000002          0x08000168   Section        0  __rtentry2.o(.ARM.Collect$$rtentry$$00000002)
    .ARM.Collect$$rtentry$$00000004          0x08000168   Section        6  __rtentry4.o(.ARM.Collect$$rtentry$$00000004)
    .ARM.Collect$$rtentry$$00000009          0x0800016e   Section        0  __rtentry2.o(.ARM.Collect$$rtentry$$00000009)
    .ARM.Collect$$rtentry$$0000000A          0x0800016e   Section        4  __rtentry2.o(.ARM.Collect$$rtentry$$0000000A)
    .ARM.Collect$$rtentry$$0000000C          0x08000172   Section        0  __rtentry2.o(.ARM.Collect$$rtentry$$0000000C)
    .ARM.Collect$$rtentry$$0000000D          0x08000172   Section        8  __rtentry2.o(.ARM.Collect$$rtentry$$0000000D)
    .ARM.Collect$$rtexit$$00000000           0x0800017a   Section        2  rtexit.o(.ARM.Collect$$rtexit$$00000000)
    .ARM.Collect$$rtexit$$00000002           0x0800017c   Section        0  rtexit2.o(.ARM.Collect$$rtexit$$00000002)
    .ARM.Collect$$rtexit$$00000003           0x0800017c   Section        4  rtexit2.o(.ARM.Collect$$rtexit$$00000003)
    .ARM.Collect$$rtexit$$00000004           0x08000180   Section        6  rtexit2.o(.ARM.Collect$$rtexit$$00000004)
    .text                                    0x08000188   Section       64  startup_stm32f10x_md.o(.text)
    .text                                    0x080001c8   Section       68  rt_memclr.o(.text)
    .text                                    0x0800020c   Section       78  rt_memclr_w.o(.text)
    .text                                    0x0800025a   Section        0  heapauxi.o(.text)
    .text                                    0x08000260   Section       74  sys_stackheap_outer.o(.text)
    .text                                    0x080002aa   Section        0  exit.o(.text)
    .text                                    0x080002b8   Section        8  libspace.o(.text)
    .text                                    0x080002c0   Section        0  sys_exit.o(.text)
    .text                                    0x080002cc   Section        2  use_no_semi.o(.text)
    .text                                    0x080002ce   Section        0  indicate_semi.o(.text)
    i.BusFault_Handler                       0x080002ce   Section        0  stm32f10x_it.o(i.BusFault_Handler)
    i.DebugMon_Handler                       0x080002d0   Section        0  stm32f10x_it.o(i.DebugMon_Handler)
    i.Delay_ms                               0x080002d2   Section        0  delay.o(i.Delay_ms)
    i.Delay_us                               0x080002e8   Section        0  delay.o(i.Delay_us)
    i.GPIO_Init                              0x08000308   Section        0  stm32f10x_gpio.o(i.GPIO_Init)
    i.GPIO_ReadInputDataBit                  0x080003aa   Section        0  stm32f10x_gpio.o(i.GPIO_ReadInputDataBit)
    i.Game_Menu                              0x080003b8   Section        0  menu.o(i.Game_Menu)
    i.Game_To_Menu_Display                   0x08000550   Section        0  menu.o(i.Game_To_Menu_Display)
    i.HardFault_Handler                      0x080006f4   Section        0  stm32f10x_it.o(i.HardFault_Handler)
    i.I2C_CheckEvent                         0x080006f6   Section        0  stm32f10x_i2c.o(i.I2C_CheckEvent)
    i.I2C_Cmd                                0x0800070e   Section        0  stm32f10x_i2c.o(i.I2C_Cmd)
    i.I2C_Config                             0x08000724   Section        0  u8x8_byte_1.o(i.I2C_Config)
    i.I2C_GenerateSTART                      0x08000770   Section        0  stm32f10x_i2c.o(i.I2C_GenerateSTART)
    i.I2C_GenerateSTOP                       0x08000784   Section        0  stm32f10x_i2c.o(i.I2C_GenerateSTOP)
    i.I2C_GetFlagStatus                      0x08000798   Section        0  stm32f10x_i2c.o(i.I2C_GetFlagStatus)
    i.I2C_Init                               0x080007c4   Section        0  stm32f10x_i2c.o(i.I2C_Init)
    i.I2C_Send7bitAddress                    0x08000880   Section        0  stm32f10x_i2c.o(i.I2C_Send7bitAddress)
    i.I2C_SendData                           0x08000890   Section        0  stm32f10x_i2c.o(i.I2C_SendData)
    i.Key_GetNum                             0x08000894   Section        0  key.o(i.Key_GetNum)
    i.Key_Init                               0x0800092c   Section        0  key.o(i.Key_Init)
    i.MemManage_Handler                      0x08000958   Section        0  stm32f10x_it.o(i.MemManage_Handler)
    i.NMI_Handler                            0x0800095a   Section        0  stm32f10x_it.o(i.NMI_Handler)
    i.NVIC_Init                              0x0800095c   Section        0  misc.o(i.NVIC_Init)
    i.NVIC_PriorityGroupConfig               0x080009c0   Section        0  misc.o(i.NVIC_PriorityGroupConfig)
    i.PendSV_Handler                         0x080009d4   Section        0  stm32f10x_it.o(i.PendSV_Handler)
    i.RCC_APB1PeriphClockCmd                 0x080009d8   Section        0  stm32f10x_rcc.o(i.RCC_APB1PeriphClockCmd)
    i.RCC_APB2PeriphClockCmd                 0x080009f0   Section        0  stm32f10x_rcc.o(i.RCC_APB2PeriphClockCmd)
    i.RCC_GetClocksFreq                      0x08000a08   Section        0  stm32f10x_rcc.o(i.RCC_GetClocksFreq)
    i.SVC_Handler                            0x08000a98   Section        0  stm32f10x_it.o(i.SVC_Handler)
    i.SetSysClockTo72                        0x08000a9c   Section        0  system_stm32f10x.o(i.SetSysClockTo72)
    SetSysClockTo72                          0x08000a9d   Thumb Code   160  system_stm32f10x.o(i.SetSysClockTo72)
    i.Show_Menu                              0x08000b44   Section        0  menu.o(i.Show_Menu)
    i.Show_Menu_Config                       0x08000d24   Section        0  menu.o(i.Show_Menu_Config)
    i.SysTick_Handler                        0x08000db8   Section        0  stm32f10x_it.o(i.SysTick_Handler)
    i.SystemInit                             0x08000dbc   Section        0  system_stm32f10x.o(i.SystemInit)
    i.To_Game_Menu_Display                   0x08000e0c   Section        0  menu.o(i.To_Game_Menu_Display)
    i.USART_Cmd                              0x08000fb4   Section        0  stm32f10x_usart.o(i.USART_Cmd)
    i.USART_Config                           0x08000fc8   Section        0  usar1t.o(i.USART_Config)
    i.USART_ITConfig                         0x08001078   Section        0  stm32f10x_usart.o(i.USART_ITConfig)
    i.USART_Init                             0x080010a8   Section        0  stm32f10x_usart.o(i.USART_Init)
    i.UsageFault_Handler                     0x08001154   Section        0  stm32f10x_it.o(i.UsageFault_Handler)
    i.main                                   0x08001156   Section        0  main.o(i.main)
    i.u8g2_ClearBuffer                       0x08001172   Section        0  u8g2_buffer_1.o(i.u8g2_ClearBuffer)
    i.u8g2_Config                            0x08001184   Section        0  main.o(i.u8g2_Config)
    i.u8g2_DrawFrame                         0x080011bc   Section        0  u8g2_box_1.o(i.u8g2_DrawFrame)
    i.u8g2_DrawGlyph                         0x08001244   Section        0  u8g2_font_1.o(i.u8g2_DrawGlyph)
    i.u8g2_DrawHVLine                        0x080012b4   Section        0  u8g2_hvline_1.o(i.u8g2_DrawHVLine)
    i.u8g2_DrawHXBM                          0x08001360   Section        0  u8g2_bitmap_1.o(i.u8g2_DrawHXBM)
    i.u8g2_DrawLine                          0x080013f4   Section        0  u8g2_line_1.o(i.u8g2_DrawLine)
    i.u8g2_DrawPixel                         0x080014a6   Section        0  u8g2_hvline_1.o(i.u8g2_DrawPixel)
    i.u8g2_DrawStr                           0x080014d4   Section        0  u8g2_font_1.o(i.u8g2_DrawStr)
    i.u8g2_DrawXBM                           0x080014e4   Section        0  u8g2_bitmap_1.o(i.u8g2_DrawXBM)
    i.u8g2_IsIntersection                    0x08001530   Section        0  u8g2_intersection_1.o(i.u8g2_IsIntersection)
    i.u8g2_SendBuffer                        0x08001560   Section        0  u8g2_buffer_1.o(i.u8g2_SendBuffer)
    i.u8g2_SetFont                           0x08001572   Section        0  u8g2_font_1.o(i.u8g2_SetFont)
    i.u8g2_SetFontDirection                  0x08001592   Section        0  u8g2_font_1.o(i.u8g2_SetFontDirection)
    i.u8g2_SetFontMode                       0x08001598   Section        0  u8g2_font_1.o(i.u8g2_SetFontMode)
    i.u8g2_SetFontPosBaseline                0x080015a0   Section        0  u8g2_font_1.o(i.u8g2_SetFontPosBaseline)
    i.u8g2_SetMaxClipWindow                  0x080015ac   Section        0  u8g2_setup_1.o(i.u8g2_SetMaxClipWindow)
    i.u8g2_SetupBuffer                       0x080015c8   Section        0  u8g2_setup_1.o(i.u8g2_SetupBuffer)
    i.u8g2_Setup_ssd1306_i2c_128x64_noname_f 0x08001610   Section        0  u8g2_d_setup_1.o(i.u8g2_Setup_ssd1306_i2c_128x64_noname_f)
    i.u8g2_UpdateRefHeight                   0x08001648   Section        0  u8g2_font_1.o(i.u8g2_UpdateRefHeight)
    i.u8g2_add_vector_x                      0x0800169a   Section        0  u8g2_font_1.o(i.u8g2_add_vector_x)
    i.u8g2_add_vector_y                      0x080016b6   Section        0  u8g2_font_1.o(i.u8g2_add_vector_y)
    i.u8g2_apply_clip_window                 0x080016d2   Section        0  u8g2_setup_1.o(i.u8g2_apply_clip_window)
    u8g2_apply_clip_window                   0x080016d3   Thumb Code   110  u8g2_setup_1.o(i.u8g2_apply_clip_window)
    i.u8g2_clip_intersection2                0x08001740   Section        0  u8g2_hvline_1.o(i.u8g2_clip_intersection2)
    u8g2_clip_intersection2                  0x08001741   Thumb Code    60  u8g2_hvline_1.o(i.u8g2_clip_intersection2)
    i.u8g2_draw_hv_line_2dir                 0x0800177c   Section        0  u8g2_hvline_1.o(i.u8g2_draw_hv_line_2dir)
    i.u8g2_draw_l90_r0                       0x0800178e   Section        0  u8g2_setup_1.o(i.u8g2_draw_l90_r0)
    i.u8g2_draw_string                       0x0800179a   Section        0  u8g2_font_1.o(i.u8g2_draw_string)
    u8g2_draw_string                         0x0800179b   Thumb Code   118  u8g2_font_1.o(i.u8g2_draw_string)
    i.u8g2_font_calc_vref_font               0x08001810   Section        0  u8g2_font_1.o(i.u8g2_font_calc_vref_font)
    i.u8g2_font_decode_get_signed_bits       0x08001814   Section        0  u8g2_font_1.o(i.u8g2_font_decode_get_signed_bits)
    i.u8g2_font_decode_get_unsigned_bits     0x08001828   Section        0  u8g2_font_1.o(i.u8g2_font_decode_get_unsigned_bits)
    i.u8g2_font_decode_glyph                 0x0800185c   Section        0  u8g2_font_1.o(i.u8g2_font_decode_glyph)
    i.u8g2_font_decode_len                   0x08001970   Section        0  u8g2_font_1.o(i.u8g2_font_decode_len)
    i.u8g2_font_get_glyph_data               0x080019fc   Section        0  u8g2_font_1.o(i.u8g2_font_get_glyph_data)
    i.u8g2_font_get_word                     0x08001a6e   Section        0  u8g2_font_1.o(i.u8g2_font_get_word)
    u8g2_font_get_word                       0x08001a6f   Thumb Code    20  u8g2_font_1.o(i.u8g2_font_get_word)
    i.u8g2_font_setup_decode                 0x08001a82   Section        0  u8g2_font_1.o(i.u8g2_font_setup_decode)
    u8g2_font_setup_decode                   0x08001a83   Thumb Code    52  u8g2_font_1.o(i.u8g2_font_setup_decode)
    i.u8g2_gpio_and_delay_stm32              0x08001ab6   Section        0  mui_u8g2_1.o(i.u8g2_gpio_and_delay_stm32)
    i.u8g2_is_intersection_decision_tree     0x08001af8   Section        0  u8g2_intersection_1.o(i.u8g2_is_intersection_decision_tree)
    i.u8g2_ll_hvline_vertical_top_lsb        0x08001b10   Section        0  u8g2_ll_hvline_1.o(i.u8g2_ll_hvline_vertical_top_lsb)
    i.u8g2_m_16_8_f                          0x08001ba0   Section        0  u8g2_d_memory_1.o(i.u8g2_m_16_8_f)
    i.u8g2_read_font_info                    0x08001bac   Section        0  u8g2_font_1.o(i.u8g2_read_font_info)
    i.u8g2_send_buffer                       0x08001c16   Section        0  u8g2_buffer_1.o(i.u8g2_send_buffer)
    u8g2_send_buffer                         0x08001c17   Thumb Code    78  u8g2_buffer_1.o(i.u8g2_send_buffer)
    i.u8g2_update_dimension_common           0x08001c64   Section        0  u8g2_setup_1.o(i.u8g2_update_dimension_common)
    u8g2_update_dimension_common             0x08001c65   Thumb Code    70  u8g2_setup_1.o(i.u8g2_update_dimension_common)
    i.u8g2_update_dimension_r0               0x08001caa   Section        0  u8g2_setup_1.o(i.u8g2_update_dimension_r0)
    i.u8g2_update_page_win_r0                0x08001cae   Section        0  u8g2_setup_1.o(i.u8g2_update_page_win_r0)
    i.u8x8_DrawTile                          0x08001cd0   Section        0  u8x8_display_1.o(i.u8x8_DrawTile)
    i.u8x8_InitDisplay                       0x08001cee   Section        0  u8x8_display_1.o(i.u8x8_InitDisplay)
    i.u8x8_RefreshDisplay                    0x08001cfe   Section        0  u8x8_display_1.o(i.u8x8_RefreshDisplay)
    i.u8x8_SetPowerSave                      0x08001d0e   Section        0  u8x8_display_1.o(i.u8x8_SetPowerSave)
    i.u8x8_Setup                             0x08001d1e   Section        0  u8x8_setup_1.o(i.u8x8_Setup)
    i.u8x8_SetupDefaults                     0x08001d40   Section        0  u8x8_setup_1.o(i.u8x8_SetupDefaults)
    i.u8x8_SetupMemory                       0x08001d64   Section        0  u8x8_display_1.o(i.u8x8_SetupMemory)
    i.u8x8_ascii_next                        0x08001d74   Section        0  u8x8_8x8_1.o(i.u8x8_ascii_next)
    i.u8x8_byte_EndTransfer                  0x08001d82   Section        0  u8x8_byte_1.o(i.u8x8_byte_EndTransfer)
    i.u8x8_byte_SendByte                     0x08001d92   Section        0  u8x8_byte_1.o(i.u8x8_byte_SendByte)
    i.u8x8_byte_StartTransfer                0x08001da0   Section        0  u8x8_byte_1.o(i.u8x8_byte_StartTransfer)
    i.u8x8_byte_hw_i2c                       0x08001db0   Section        0  u8x8_byte_1.o(i.u8x8_byte_hw_i2c)
    i.u8x8_cad_EndTransfer                   0x08001e9c   Section        0  u8x8_cad_1.o(i.u8x8_cad_EndTransfer)
    i.u8x8_cad_SendArg                       0x08001eac   Section        0  u8x8_cad_1.o(i.u8x8_cad_SendArg)
    i.u8x8_cad_SendCmd                       0x08001ebc   Section        0  u8x8_cad_1.o(i.u8x8_cad_SendCmd)
    i.u8x8_cad_SendData                      0x08001ecc   Section        0  u8x8_cad_1.o(i.u8x8_cad_SendData)
    i.u8x8_cad_SendSequence                  0x08001edc   Section        0  u8x8_cad_1.o(i.u8x8_cad_SendSequence)
    i.u8x8_cad_StartTransfer                 0x08001f44   Section        0  u8x8_cad_1.o(i.u8x8_cad_StartTransfer)
    i.u8x8_cad_ssd13xx_fast_i2c              0x08001f54   Section        0  u8x8_cad_1.o(i.u8x8_cad_ssd13xx_fast_i2c)
    i.u8x8_d_helper_display_init             0x08002010   Section        0  u8x8_display_1.o(i.u8x8_d_helper_display_init)
    i.u8x8_d_helper_display_setup_memory     0x08002070   Section        0  u8x8_display_1.o(i.u8x8_d_helper_display_setup_memory)
    i.u8x8_d_ssd1306_128x64_noname           0x0800207c   Section        0  u8x8_d_ssd1306_128x64_noname_1.o(i.u8x8_d_ssd1306_128x64_noname)
    i.u8x8_d_ssd1306_sh1106_generic          0x080020b8   Section        0  u8x8_d_ssd1306_128x64_noname_1.o(i.u8x8_d_ssd1306_sh1106_generic)
    u8x8_d_ssd1306_sh1106_generic            0x080020b9   Thumb Code   196  u8x8_d_ssd1306_128x64_noname_1.o(i.u8x8_d_ssd1306_sh1106_generic)
    i.u8x8_dummy_cb                          0x08002180   Section        0  u8x8_setup_1.o(i.u8x8_dummy_cb)
    i.u8x8_gpio_call                         0x08002184   Section        0  u8x8_gpio_1.o(i.u8x8_gpio_call)
    i.u8x8_i2c_data_transfer                 0x08002190   Section        0  u8x8_cad_1.o(i.u8x8_i2c_data_transfer)
    u8x8_i2c_data_transfer                   0x08002191   Thumb Code    44  u8x8_cad_1.o(i.u8x8_i2c_data_transfer)
    i.u8x8_utf8_init                         0x080021bc   Section        0  u8x8_8x8_1.o(i.u8x8_utf8_init)
    i.ui_left_one_Picture                    0x080021c4   Section        0  menu.o(i.ui_left_one_Picture)
    i.ui_right_one_Picture                   0x080021cc   Section        0  menu.o(i.ui_right_one_Picture)
    i.ui_run                                 0x080021d4   Section        0  menu.o(i.ui_run)
    .constdata                               0x08002204   Section     2683  u8g2_fonts_1.o(.constdata)
    .constdata                               0x08002c80   Section       12  u8g2_setup_1.o(.constdata)
    .constdata                               0x08002c8c   Section      344  u8x8_d_ssd1306_128x64_noname_1.o(.constdata)
    u8x8_d_ssd1306_128x64_noname_powersave0_seq 0x08002c8c   Data           5  u8x8_d_ssd1306_128x64_noname_1.o(.constdata)
    u8x8_d_ssd1306_128x64_noname_powersave1_seq 0x08002c91   Data           5  u8x8_d_ssd1306_128x64_noname_1.o(.constdata)
    u8x8_d_ssd1306_128x64_noname_flip0_seq   0x08002c96   Data           7  u8x8_d_ssd1306_128x64_noname_1.o(.constdata)
    u8x8_d_ssd1306_128x64_noname_flip1_seq   0x08002c9d   Data           7  u8x8_d_ssd1306_128x64_noname_1.o(.constdata)
    u8x8_d_ssd1312_128x64_noname_flip0_seq   0x08002ca4   Data           7  u8x8_d_ssd1306_128x64_noname_1.o(.constdata)
    u8x8_d_ssd1312_128x64_noname_flip1_seq   0x08002cab   Data           7  u8x8_d_ssd1306_128x64_noname_1.o(.constdata)
    u8x8_d_ssd1306_128x64_noname_init_seq    0x08002cb2   Data          53  u8x8_d_ssd1306_128x64_noname_1.o(.constdata)
    u8x8_d_ssd1306_128x64_vcomh0_init_seq    0x08002ce7   Data          53  u8x8_d_ssd1306_128x64_noname_1.o(.constdata)
    u8x8_d_ssd1306_128x64_alt0_init_seq      0x08002d1c   Data          53  u8x8_d_ssd1306_128x64_noname_1.o(.constdata)
    u8x8_d_sh1106_128x64_winstar_init_seq    0x08002d51   Data          45  u8x8_d_ssd1306_128x64_noname_1.o(.constdata)
    u8x8_d_ssd1312_128x64_noname_init_seq    0x08002d7e   Data          53  u8x8_d_ssd1306_128x64_noname_1.o(.constdata)
    u8x8_ssd1306_128x64_noname_display_info  0x08002db4   Data          24  u8x8_d_ssd1306_128x64_noname_1.o(.constdata)
    u8x8_sh1106_128x64_noname_display_info   0x08002dcc   Data          24  u8x8_d_ssd1306_128x64_noname_1.o(.constdata)
    .constdata                               0x08002de4   Section      614  menu.o(.constdata)
    .data                                    0x20000000   Section       20  stm32f10x_rcc.o(.data)
    ADCPrescTable                            0x20000000   Data           4  stm32f10x_rcc.o(.data)
    APBAHBPrescTable                         0x20000004   Data          16  stm32f10x_rcc.o(.data)
    .data                                    0x20000014   Section        6  u8x8_cad_1.o(.data)
    in_transfer                              0x20000014   Data           1  u8x8_cad_1.o(.data)
    in_transfer                              0x20000015   Data           1  u8x8_cad_1.o(.data)
    in_transfer                              0x20000016   Data           1  u8x8_cad_1.o(.data)
    is_data                                  0x20000017   Data           1  u8x8_cad_1.o(.data)
    in_transfer                              0x20000018   Data           1  u8x8_cad_1.o(.data)
    is_data                                  0x20000019   Data           1  u8x8_cad_1.o(.data)
    .data                                    0x2000001a   Section       16  menu.o(.data)
    Picture_Flag                             0x2000001a   Data           1  menu.o(.data)
    Box_x                                    0x2000001c   Data           1  menu.o(.data)
    Box_y                                    0x2000001d   Data           1  menu.o(.data)
    Box_w                                    0x2000001e   Data           1  menu.o(.data)
    Box_h                                    0x2000001f   Data           1  menu.o(.data)
    Box_x_trg                                0x20000020   Data           1  menu.o(.data)
    Box_y_trg                                0x20000021   Data           1  menu.o(.data)
    Box_w_trg                                0x20000022   Data           1  menu.o(.data)
    Box_h_trg                                0x20000023   Data           1  menu.o(.data)
    Box_Flag                                 0x20000024   Data           1  menu.o(.data)
    .bss                                     0x2000002c   Section      148  main.o(.bss)
    .bss                                     0x200000c0   Section     1024  u8g2_d_memory_1.o(.bss)
    buf                                      0x200000c0   Data        1024  u8g2_d_memory_1.o(.bss)
    .bss                                     0x200004c0   Section       96  libspace.o(.bss)
    HEAP                                     0x20000520   Section      512  startup_stm32f10x_md.o(HEAP)
    Heap_Mem                                 0x20000520   Data         512  startup_stm32f10x_md.o(HEAP)
    STACK                                    0x20000720   Section     1024  startup_stm32f10x_md.o(STACK)
    Stack_Mem                                0x20000720   Data        1024  startup_stm32f10x_md.o(STACK)
    __initial_sp                             0x20000b20   Data           0  startup_stm32f10x_md.o(STACK)

    Global Symbols

    Symbol Name                              Value     Ov Type        Size  Object(Section)

    BuildAttributes$$THM_ISAv4$P$D$K$B$S$PE$A:L22UL41UL21$X:L11$S22US41US21$IEEE1$IW$USESV6$~STKCKD$USESV7$~SHL$OSPACE$ROPI$EBA8$UX$STANDARDLIB$REQ8$PRES8$EABIv2 0x00000000   Number         0  anon$$obj.o ABSOLUTE
    __ARM_use_no_argv                        0x00000000   Number         0  main.o ABSOLUTE
    __ARM_exceptions_init                     - Undefined Weak Reference
    __alloca_initialize                       - Undefined Weak Reference
    __arm_preinit_                            - Undefined Weak Reference
    __cpp_initialize__aeabi_                  - Undefined Weak Reference
    __cxa_finalize                            - Undefined Weak Reference
    __rt_locale                               - Undefined Weak Reference
    __sigvec_lookup                           - Undefined Weak Reference
    _atexit_init                              - Undefined Weak Reference
    _call_atexit_fns                          - Undefined Weak Reference
    _clock_init                               - Undefined Weak Reference
    _fp_trap_init                             - Undefined Weak Reference
    _fp_trap_shutdown                         - Undefined Weak Reference
    _get_lc_collate                           - Undefined Weak Reference
    _get_lc_ctype                             - Undefined Weak Reference
    _get_lc_monetary                          - Undefined Weak Reference
    _get_lc_numeric                           - Undefined Weak Reference
    _get_lc_time                              - Undefined Weak Reference
    _getenv_init                              - Undefined Weak Reference
    _handle_redirection                       - Undefined Weak Reference
    _init_alloc                               - Undefined Weak Reference
    _init_user_alloc                          - Undefined Weak Reference
    _initio                                   - Undefined Weak Reference
    _rand_init                                - Undefined Weak Reference
    _signal_finish                            - Undefined Weak Reference
    _signal_init                              - Undefined Weak Reference
    _terminate_alloc                          - Undefined Weak Reference
    _terminate_user_alloc                     - Undefined Weak Reference
    _terminateio                              - Undefined Weak Reference
    __Vectors_Size                           0x000000ec   Number         0  startup_stm32f10x_md.o ABSOLUTE
    __Vectors                                0x08000000   Data           4  startup_stm32f10x_md.o(RESET)
    __Vectors_End                            0x080000ec   Data           0  startup_stm32f10x_md.o(RESET)
    __main                                   0x080000ed   Thumb Code     8  __main.o(!!!main)
    __scatterload                            0x080000f5   Thumb Code     0  __scatter.o(!!!scatter)
    __scatterload_rt2                        0x080000f5   Thumb Code    44  __scatter.o(!!!scatter)
    __scatterload_rt2_thumb_only             0x080000f5   Thumb Code     0  __scatter.o(!!!scatter)
    __scatterload_null                       0x08000103   Thumb Code     0  __scatter.o(!!!scatter)
    __scatterload_copy                       0x08000129   Thumb Code    26  __scatter_copy.o(!!handler_copy)
    __scatterload_zeroinit                   0x08000145   Thumb Code    28  __scatter_zi.o(!!handler_zi)
    __rt_lib_init                            0x08000161   Thumb Code     0  libinit.o(.ARM.Collect$$libinit$$00000000)
    __rt_lib_init_alloca_1                   0x08000163   Thumb Code     0  libinit2.o(.ARM.Collect$$libinit$$0000002E)
    __rt_lib_init_argv_1                     0x08000163   Thumb Code     0  libinit2.o(.ARM.Collect$$libinit$$0000002C)
    __rt_lib_init_atexit_1                   0x08000163   Thumb Code     0  libinit2.o(.ARM.Collect$$libinit$$0000001B)
    __rt_lib_init_clock_1                    0x08000163   Thumb Code     0  libinit2.o(.ARM.Collect$$libinit$$00000021)
    __rt_lib_init_cpp_1                      0x08000163   Thumb Code     0  libinit2.o(.ARM.Collect$$libinit$$00000032)
    __rt_lib_init_exceptions_1               0x08000163   Thumb Code     0  libinit2.o(.ARM.Collect$$libinit$$00000030)
    __rt_lib_init_fp_1                       0x08000163   Thumb Code     0  libinit2.o(.ARM.Collect$$libinit$$00000002)
    __rt_lib_init_fp_trap_1                  0x08000163   Thumb Code     0  libinit2.o(.ARM.Collect$$libinit$$0000001F)
    __rt_lib_init_getenv_1                   0x08000163   Thumb Code     0  libinit2.o(.ARM.Collect$$libinit$$00000023)
    __rt_lib_init_heap_1                     0x08000163   Thumb Code     0  libinit2.o(.ARM.Collect$$libinit$$0000000A)
    __rt_lib_init_lc_collate_1               0x08000163   Thumb Code     0  libinit2.o(.ARM.Collect$$libinit$$00000011)
    __rt_lib_init_lc_ctype_1                 0x08000163   Thumb Code     0  libinit2.o(.ARM.Collect$$libinit$$00000013)
    __rt_lib_init_lc_monetary_1              0x08000163   Thumb Code     0  libinit2.o(.ARM.Collect$$libinit$$00000015)
    __rt_lib_init_lc_numeric_1               0x08000163   Thumb Code     0  libinit2.o(.ARM.Collect$$libinit$$00000017)
    __rt_lib_init_lc_time_1                  0x08000163   Thumb Code     0  libinit2.o(.ARM.Collect$$libinit$$00000019)
    __rt_lib_init_preinit_1                  0x08000163   Thumb Code     0  libinit2.o(.ARM.Collect$$libinit$$00000004)
    __rt_lib_init_rand_1                     0x08000163   Thumb Code     0  libinit2.o(.ARM.Collect$$libinit$$0000000E)
    __rt_lib_init_return                     0x08000163   Thumb Code     0  libinit2.o(.ARM.Collect$$libinit$$00000033)
    __rt_lib_init_signal_1                   0x08000163   Thumb Code     0  libinit2.o(.ARM.Collect$$libinit$$0000001D)
    __rt_lib_init_stdio_1                    0x08000163   Thumb Code     0  libinit2.o(.ARM.Collect$$libinit$$00000025)
    __rt_lib_init_user_alloc_1               0x08000163   Thumb Code     0  libinit2.o(.ARM.Collect$$libinit$$0000000C)
    __rt_lib_shutdown                        0x08000165   Thumb Code     0  libshutdown.o(.ARM.Collect$$libshutdown$$00000000)
    __rt_lib_shutdown_fp_trap_1              0x08000167   Thumb Code     0  libshutdown2.o(.ARM.Collect$$libshutdown$$00000006)
    __rt_lib_shutdown_heap_1                 0x08000167   Thumb Code     0  libshutdown2.o(.ARM.Collect$$libshutdown$$0000000E)
    __rt_lib_shutdown_return                 0x08000167   Thumb Code     0  libshutdown2.o(.ARM.Collect$$libshutdown$$0000000F)
    __rt_lib_shutdown_signal_1               0x08000167   Thumb Code     0  libshutdown2.o(.ARM.Collect$$libshutdown$$00000009)
    __rt_lib_shutdown_stdio_1                0x08000167   Thumb Code     0  libshutdown2.o(.ARM.Collect$$libshutdown$$00000003)
    __rt_lib_shutdown_user_alloc_1           0x08000167   Thumb Code     0  libshutdown2.o(.ARM.Collect$$libshutdown$$0000000B)
    __rt_entry                               0x08000169   Thumb Code     0  __rtentry.o(.ARM.Collect$$rtentry$$00000000)
    __rt_entry_presh_1                       0x08000169   Thumb Code     0  __rtentry2.o(.ARM.Collect$$rtentry$$00000002)
    __rt_entry_sh                            0x08000169   Thumb Code     0  __rtentry4.o(.ARM.Collect$$rtentry$$00000004)
    __rt_entry_li                            0x0800016f   Thumb Code     0  __rtentry2.o(.ARM.Collect$$rtentry$$0000000A)
    __rt_entry_postsh_1                      0x0800016f   Thumb Code     0  __rtentry2.o(.ARM.Collect$$rtentry$$00000009)
    __rt_entry_main                          0x08000173   Thumb Code     0  __rtentry2.o(.ARM.Collect$$rtentry$$0000000D)
    __rt_entry_postli_1                      0x08000173   Thumb Code     0  __rtentry2.o(.ARM.Collect$$rtentry$$0000000C)
    __rt_exit                                0x0800017b   Thumb Code     0  rtexit.o(.ARM.Collect$$rtexit$$00000000)
    __rt_exit_ls                             0x0800017d   Thumb Code     0  rtexit2.o(.ARM.Collect$$rtexit$$00000003)
    __rt_exit_prels_1                        0x0800017d   Thumb Code     0  rtexit2.o(.ARM.Collect$$rtexit$$00000002)
    __rt_exit_exit                           0x08000181   Thumb Code     0  rtexit2.o(.ARM.Collect$$rtexit$$00000004)
    Reset_Handler                            0x08000189   Thumb Code     8  startup_stm32f10x_md.o(.text)
    ADC1_2_IRQHandler                        0x080001a3   Thumb Code     0  startup_stm32f10x_md.o(.text)
    CAN1_RX1_IRQHandler                      0x080001a3   Thumb Code     0  startup_stm32f10x_md.o(.text)
    CAN1_SCE_IRQHandler                      0x080001a3   Thumb Code     0  startup_stm32f10x_md.o(.text)
    DMA1_Channel1_IRQHandler                 0x080001a3   Thumb Code     0  startup_stm32f10x_md.o(.text)
    DMA1_Channel2_IRQHandler                 0x080001a3   Thumb Code     0  startup_stm32f10x_md.o(.text)
    DMA1_Channel3_IRQHandler                 0x080001a3   Thumb Code     0  startup_stm32f10x_md.o(.text)
    DMA1_Channel4_IRQHandler                 0x080001a3   Thumb Code     0  startup_stm32f10x_md.o(.text)
    DMA1_Channel5_IRQHandler                 0x080001a3   Thumb Code     0  startup_stm32f10x_md.o(.text)
    DMA1_Channel6_IRQHandler                 0x080001a3   Thumb Code     0  startup_stm32f10x_md.o(.text)
    DMA1_Channel7_IRQHandler                 0x080001a3   Thumb Code     0  startup_stm32f10x_md.o(.text)
    EXTI0_IRQHandler                         0x080001a3   Thumb Code     0  startup_stm32f10x_md.o(.text)
    EXTI15_10_IRQHandler                     0x080001a3   Thumb Code     0  startup_stm32f10x_md.o(.text)
    EXTI1_IRQHandler                         0x080001a3   Thumb Code     0  startup_stm32f10x_md.o(.text)
    EXTI2_IRQHandler                         0x080001a3   Thumb Code     0  startup_stm32f10x_md.o(.text)
    EXTI3_IRQHandler                         0x080001a3   Thumb Code     0  startup_stm32f10x_md.o(.text)
    EXTI4_IRQHandler                         0x080001a3   Thumb Code     0  startup_stm32f10x_md.o(.text)
    EXTI9_5_IRQHandler                       0x080001a3   Thumb Code     0  startup_stm32f10x_md.o(.text)
    FLASH_IRQHandler                         0x080001a3   Thumb Code     0  startup_stm32f10x_md.o(.text)
    I2C1_ER_IRQHandler                       0x080001a3   Thumb Code     0  startup_stm32f10x_md.o(.text)
    I2C1_EV_IRQHandler                       0x080001a3   Thumb Code     0  startup_stm32f10x_md.o(.text)
    I2C2_ER_IRQHandler                       0x080001a3   Thumb Code     0  startup_stm32f10x_md.o(.text)
    I2C2_EV_IRQHandler                       0x080001a3   Thumb Code     0  startup_stm32f10x_md.o(.text)
    PVD_IRQHandler                           0x080001a3   Thumb Code     0  startup_stm32f10x_md.o(.text)
    RCC_IRQHandler                           0x080001a3   Thumb Code     0  startup_stm32f10x_md.o(.text)
    RTCAlarm_IRQHandler                      0x080001a3   Thumb Code     0  startup_stm32f10x_md.o(.text)
    RTC_IRQHandler                           0x080001a3   Thumb Code     0  startup_stm32f10x_md.o(.text)
    SPI1_IRQHandler                          0x080001a3   Thumb Code     0  startup_stm32f10x_md.o(.text)
    SPI2_IRQHandler                          0x080001a3   Thumb Code     0  startup_stm32f10x_md.o(.text)
    TAMPER_IRQHandler                        0x080001a3   Thumb Code     0  startup_stm32f10x_md.o(.text)
    TIM1_BRK_IRQHandler                      0x080001a3   Thumb Code     0  startup_stm32f10x_md.o(.text)
    TIM1_CC_IRQHandler                       0x080001a3   Thumb Code     0  startup_stm32f10x_md.o(.text)
    TIM1_TRG_COM_IRQHandler                  0x080001a3   Thumb Code     0  startup_stm32f10x_md.o(.text)
    TIM1_UP_IRQHandler                       0x080001a3   Thumb Code     0  startup_stm32f10x_md.o(.text)
    TIM2_IRQHandler                          0x080001a3   Thumb Code     0  startup_stm32f10x_md.o(.text)
    TIM3_IRQHandler                          0x080001a3   Thumb Code     0  startup_stm32f10x_md.o(.text)
    TIM4_IRQHandler                          0x080001a3   Thumb Code     0  startup_stm32f10x_md.o(.text)
    USART1_IRQHandler                        0x080001a3   Thumb Code     0  startup_stm32f10x_md.o(.text)
    USART2_IRQHandler                        0x080001a3   Thumb Code     0  startup_stm32f10x_md.o(.text)
    USART3_IRQHandler                        0x080001a3   Thumb Code     0  startup_stm32f10x_md.o(.text)
    USBWakeUp_IRQHandler                     0x080001a3   Thumb Code     0  startup_stm32f10x_md.o(.text)
    USB_HP_CAN1_TX_IRQHandler                0x080001a3   Thumb Code     0  startup_stm32f10x_md.o(.text)
    USB_LP_CAN1_RX0_IRQHandler               0x080001a3   Thumb Code     0  startup_stm32f10x_md.o(.text)
    WWDG_IRQHandler                          0x080001a3   Thumb Code     0  startup_stm32f10x_md.o(.text)
    __user_initial_stackheap                 0x080001a5   Thumb Code     0  startup_stm32f10x_md.o(.text)
    __aeabi_memclr                           0x080001c9   Thumb Code     0  rt_memclr.o(.text)
    __rt_memclr                              0x080001c9   Thumb Code    68  rt_memclr.o(.text)
    _memset                                  0x080001cd   Thumb Code     0  rt_memclr.o(.text)
    __aeabi_memclr4                          0x0800020d   Thumb Code     0  rt_memclr_w.o(.text)
    __aeabi_memclr8                          0x0800020d   Thumb Code     0  rt_memclr_w.o(.text)
    __rt_memclr_w                            0x0800020d   Thumb Code    78  rt_memclr_w.o(.text)
    _memset_w                                0x08000211   Thumb Code     0  rt_memclr_w.o(.text)
    __use_two_region_memory                  0x0800025b   Thumb Code     2  heapauxi.o(.text)
    __rt_heap_escrow$2region                 0x0800025d   Thumb Code     2  heapauxi.o(.text)
    __rt_heap_expand$2region                 0x0800025f   Thumb Code     2  heapauxi.o(.text)
    __user_setup_stackheap                   0x08000261   Thumb Code    74  sys_stackheap_outer.o(.text)
    exit                                     0x080002ab   Thumb Code    12  exit.o(.text)
    __user_libspace                          0x080002b9   Thumb Code     8  libspace.o(.text)
    __user_perproc_libspace                  0x080002b9   Thumb Code     0  libspace.o(.text)
    __user_perthread_libspace                0x080002b9   Thumb Code     0  libspace.o(.text)
    _sys_exit                                0x080002c1   Thumb Code     8  sys_exit.o(.text)
    __I$use$semihosting                      0x080002cd   Thumb Code     0  use_no_semi.o(.text)
    __use_no_semihosting_swi                 0x080002cd   Thumb Code     2  use_no_semi.o(.text)
    BusFault_Handler                         0x080002cf   Thumb Code     2  stm32f10x_it.o(i.BusFault_Handler)
    __semihosting_library_function           0x080002cf   Thumb Code     0  indicate_semi.o(.text)
    DebugMon_Handler                         0x080002d1   Thumb Code     2  stm32f10x_it.o(i.DebugMon_Handler)
    Delay_ms                                 0x080002d3   Thumb Code    22  delay.o(i.Delay_ms)
    Delay_us                                 0x080002e9   Thumb Code    32  delay.o(i.Delay_us)
    GPIO_Init                                0x08000309   Thumb Code   162  stm32f10x_gpio.o(i.GPIO_Init)
    GPIO_ReadInputDataBit                    0x080003ab   Thumb Code    14  stm32f10x_gpio.o(i.GPIO_ReadInputDataBit)
    Game_Menu                                0x080003b9   Thumb Code   318  menu.o(i.Game_Menu)
    Game_To_Menu_Display                     0x08000551   Thumb Code   318  menu.o(i.Game_To_Menu_Display)
    HardFault_Handler                        0x080006f5   Thumb Code     2  stm32f10x_it.o(i.HardFault_Handler)
    I2C_CheckEvent                           0x080006f7   Thumb Code    24  stm32f10x_i2c.o(i.I2C_CheckEvent)
    I2C_Cmd                                  0x0800070f   Thumb Code    20  stm32f10x_i2c.o(i.I2C_Cmd)
    I2C_Config                               0x08000725   Thumb Code    70  u8x8_byte_1.o(i.I2C_Config)
    I2C_GenerateSTART                        0x08000771   Thumb Code    20  stm32f10x_i2c.o(i.I2C_GenerateSTART)
    I2C_GenerateSTOP                         0x08000785   Thumb Code    20  stm32f10x_i2c.o(i.I2C_GenerateSTOP)
    I2C_GetFlagStatus                        0x08000799   Thumb Code    42  stm32f10x_i2c.o(i.I2C_GetFlagStatus)
    I2C_Init                                 0x080007c5   Thumb Code   178  stm32f10x_i2c.o(i.I2C_Init)
    I2C_Send7bitAddress                      0x08000881   Thumb Code    16  stm32f10x_i2c.o(i.I2C_Send7bitAddress)
    I2C_SendData                             0x08000891   Thumb Code     4  stm32f10x_i2c.o(i.I2C_SendData)
    Key_GetNum                               0x08000895   Thumb Code   146  key.o(i.Key_GetNum)
    Key_Init                                 0x0800092d   Thumb Code    40  key.o(i.Key_Init)
    MemManage_Handler                        0x08000959   Thumb Code     2  stm32f10x_it.o(i.MemManage_Handler)
    NMI_Handler                              0x0800095b   Thumb Code     2  stm32f10x_it.o(i.NMI_Handler)
    NVIC_Init                                0x0800095d   Thumb Code    94  misc.o(i.NVIC_Init)
    NVIC_PriorityGroupConfig                 0x080009c1   Thumb Code    10  misc.o(i.NVIC_PriorityGroupConfig)
    PendSV_Handler                           0x080009d5   Thumb Code     2  stm32f10x_it.o(i.PendSV_Handler)
    RCC_APB1PeriphClockCmd                   0x080009d9   Thumb Code    18  stm32f10x_rcc.o(i.RCC_APB1PeriphClockCmd)
    RCC_APB2PeriphClockCmd                   0x080009f1   Thumb Code    18  stm32f10x_rcc.o(i.RCC_APB2PeriphClockCmd)
    RCC_GetClocksFreq                        0x08000a09   Thumb Code   128  stm32f10x_rcc.o(i.RCC_GetClocksFreq)
    SVC_Handler                              0x08000a99   Thumb Code     2  stm32f10x_it.o(i.SVC_Handler)
    Show_Menu                                0x08000b45   Thumb Code   458  menu.o(i.Show_Menu)
    Show_Menu_Config                         0x08000d25   Thumb Code   128  menu.o(i.Show_Menu_Config)
    SysTick_Handler                          0x08000db9   Thumb Code     2  stm32f10x_it.o(i.SysTick_Handler)
    SystemInit                               0x08000dbd   Thumb Code    64  system_stm32f10x.o(i.SystemInit)
    To_Game_Menu_Display                     0x08000e0d   Thumb Code   322  menu.o(i.To_Game_Menu_Display)
    USART_Cmd                                0x08000fb5   Thumb Code    20  stm32f10x_usart.o(i.USART_Cmd)
    USART_Config                             0x08000fc9   Thumb Code   168  usar1t.o(i.USART_Config)
    USART_ITConfig                           0x08001079   Thumb Code    48  stm32f10x_usart.o(i.USART_ITConfig)
    USART_Init                               0x080010a9   Thumb Code   166  stm32f10x_usart.o(i.USART_Init)
    UsageFault_Handler                       0x08001155   Thumb Code     2  stm32f10x_it.o(i.UsageFault_Handler)
    main                                     0x08001157   Thumb Code    28  main.o(i.main)
    u8g2_ClearBuffer                         0x08001173   Thumb Code    18  u8g2_buffer_1.o(i.u8g2_ClearBuffer)
    u8g2_Config                              0x08001185   Thumb Code    38  main.o(i.u8g2_Config)
    u8g2_DrawFrame                           0x080011bd   Thumb Code   136  u8g2_box_1.o(i.u8g2_DrawFrame)
    u8g2_DrawGlyph                           0x08001245   Thumb Code   112  u8g2_font_1.o(i.u8g2_DrawGlyph)
    u8g2_DrawHVLine                          0x080012b5   Thumb Code   172  u8g2_hvline_1.o(i.u8g2_DrawHVLine)
    u8g2_DrawHXBM                            0x08001361   Thumb Code   148  u8g2_bitmap_1.o(i.u8g2_DrawHXBM)
    u8g2_DrawLine                            0x080013f5   Thumb Code   178  u8g2_line_1.o(i.u8g2_DrawLine)
    u8g2_DrawPixel                           0x080014a7   Thumb Code    46  u8g2_hvline_1.o(i.u8g2_DrawPixel)
    u8g2_DrawStr                             0x080014d5   Thumb Code    12  u8g2_font_1.o(i.u8g2_DrawStr)
    u8g2_DrawXBM                             0x080014e5   Thumb Code    76  u8g2_bitmap_1.o(i.u8g2_DrawXBM)
    u8g2_IsIntersection                      0x08001531   Thumb Code    48  u8g2_intersection_1.o(i.u8g2_IsIntersection)
    u8g2_SendBuffer                          0x08001561   Thumb Code    18  u8g2_buffer_1.o(i.u8g2_SendBuffer)
    u8g2_SetFont                             0x08001573   Thumb Code    32  u8g2_font_1.o(i.u8g2_SetFont)
    u8g2_SetFontDirection                    0x08001593   Thumb Code     6  u8g2_font_1.o(i.u8g2_SetFontDirection)
    u8g2_SetFontMode                         0x08001599   Thumb Code     6  u8g2_font_1.o(i.u8g2_SetFontMode)
    u8g2_SetFontPosBaseline                  0x080015a1   Thumb Code     6  u8g2_font_1.o(i.u8g2_SetFontPosBaseline)
    u8g2_SetMaxClipWindow                    0x080015ad   Thumb Code    28  u8g2_setup_1.o(i.u8g2_SetMaxClipWindow)
    u8g2_SetupBuffer                         0x080015c9   Thumb Code    70  u8g2_setup_1.o(i.u8g2_SetupBuffer)
    u8g2_Setup_ssd1306_i2c_128x64_noname_f   0x08001611   Thumb Code    42  u8g2_d_setup_1.o(i.u8g2_Setup_ssd1306_i2c_128x64_noname_f)
    u8g2_UpdateRefHeight                     0x08001649   Thumb Code    82  u8g2_font_1.o(i.u8g2_UpdateRefHeight)
    u8g2_add_vector_x                        0x0800169b   Thumb Code    28  u8g2_font_1.o(i.u8g2_add_vector_x)
    u8g2_add_vector_y                        0x080016b7   Thumb Code    28  u8g2_font_1.o(i.u8g2_add_vector_y)
    u8g2_draw_hv_line_2dir                   0x0800177d   Thumb Code    18  u8g2_hvline_1.o(i.u8g2_draw_hv_line_2dir)
    u8g2_draw_l90_r0                         0x0800178f   Thumb Code    12  u8g2_setup_1.o(i.u8g2_draw_l90_r0)
    u8g2_font_calc_vref_font                 0x08001811   Thumb Code     4  u8g2_font_1.o(i.u8g2_font_calc_vref_font)
    u8g2_font_decode_get_signed_bits         0x08001815   Thumb Code    20  u8g2_font_1.o(i.u8g2_font_decode_get_signed_bits)
    u8g2_font_decode_get_unsigned_bits       0x08001829   Thumb Code    52  u8g2_font_1.o(i.u8g2_font_decode_get_unsigned_bits)
    u8g2_font_decode_glyph                   0x0800185d   Thumb Code   276  u8g2_font_1.o(i.u8g2_font_decode_glyph)
    u8g2_font_decode_len                     0x08001971   Thumb Code   140  u8g2_font_1.o(i.u8g2_font_decode_len)
    u8g2_font_get_glyph_data                 0x080019fd   Thumb Code   114  u8g2_font_1.o(i.u8g2_font_get_glyph_data)
    u8g2_gpio_and_delay_stm32                0x08001ab7   Thumb Code    66  mui_u8g2_1.o(i.u8g2_gpio_and_delay_stm32)
    u8g2_is_intersection_decision_tree       0x08001af9   Thumb Code    24  u8g2_intersection_1.o(i.u8g2_is_intersection_decision_tree)
    u8g2_ll_hvline_vertical_top_lsb          0x08001b11   Thumb Code   142  u8g2_ll_hvline_1.o(i.u8g2_ll_hvline_vertical_top_lsb)
    u8g2_m_16_8_f                            0x08001ba1   Thumb Code     8  u8g2_d_memory_1.o(i.u8g2_m_16_8_f)
    u8g2_read_font_info                      0x08001bad   Thumb Code   106  u8g2_font_1.o(i.u8g2_read_font_info)
    u8g2_update_dimension_r0                 0x08001cab   Thumb Code     4  u8g2_setup_1.o(i.u8g2_update_dimension_r0)
    u8g2_update_page_win_r0                  0x08001caf   Thumb Code    34  u8g2_setup_1.o(i.u8g2_update_page_win_r0)
    u8x8_DrawTile                            0x08001cd1   Thumb Code    30  u8x8_display_1.o(i.u8x8_DrawTile)
    u8x8_InitDisplay                         0x08001cef   Thumb Code    16  u8x8_display_1.o(i.u8x8_InitDisplay)
    u8x8_RefreshDisplay                      0x08001cff   Thumb Code    16  u8x8_display_1.o(i.u8x8_RefreshDisplay)
    u8x8_SetPowerSave                        0x08001d0f   Thumb Code    16  u8x8_display_1.o(i.u8x8_SetPowerSave)
    u8x8_Setup                               0x08001d1f   Thumb Code    34  u8x8_setup_1.o(i.u8x8_Setup)
    u8x8_SetupDefaults                       0x08001d41   Thumb Code    32  u8x8_setup_1.o(i.u8x8_SetupDefaults)
    u8x8_SetupMemory                         0x08001d65   Thumb Code    16  u8x8_display_1.o(i.u8x8_SetupMemory)
    u8x8_ascii_next                          0x08001d75   Thumb Code    14  u8x8_8x8_1.o(i.u8x8_ascii_next)
    u8x8_byte_EndTransfer                    0x08001d83   Thumb Code    16  u8x8_byte_1.o(i.u8x8_byte_EndTransfer)
    u8x8_byte_SendByte                       0x08001d93   Thumb Code    14  u8x8_byte_1.o(i.u8x8_byte_SendByte)
    u8x8_byte_StartTransfer                  0x08001da1   Thumb Code    16  u8x8_byte_1.o(i.u8x8_byte_StartTransfer)
    u8x8_byte_hw_i2c                         0x08001db1   Thumb Code   218  u8x8_byte_1.o(i.u8x8_byte_hw_i2c)
    u8x8_cad_EndTransfer                     0x08001e9d   Thumb Code    16  u8x8_cad_1.o(i.u8x8_cad_EndTransfer)
    u8x8_cad_SendArg                         0x08001ead   Thumb Code    16  u8x8_cad_1.o(i.u8x8_cad_SendArg)
    u8x8_cad_SendCmd                         0x08001ebd   Thumb Code    16  u8x8_cad_1.o(i.u8x8_cad_SendCmd)
    u8x8_cad_SendData                        0x08001ecd   Thumb Code    16  u8x8_cad_1.o(i.u8x8_cad_SendData)
    u8x8_cad_SendSequence                    0x08001edd   Thumb Code   104  u8x8_cad_1.o(i.u8x8_cad_SendSequence)
    u8x8_cad_StartTransfer                   0x08001f45   Thumb Code    16  u8x8_cad_1.o(i.u8x8_cad_StartTransfer)
    u8x8_cad_ssd13xx_fast_i2c                0x08001f55   Thumb Code   182  u8x8_cad_1.o(i.u8x8_cad_ssd13xx_fast_i2c)
    u8x8_d_helper_display_init               0x08002011   Thumb Code    96  u8x8_display_1.o(i.u8x8_d_helper_display_init)
    u8x8_d_helper_display_setup_memory       0x08002071   Thumb Code    10  u8x8_display_1.o(i.u8x8_d_helper_display_setup_memory)
    u8x8_d_ssd1306_128x64_noname             0x0800207d   Thumb Code    52  u8x8_d_ssd1306_128x64_noname_1.o(i.u8x8_d_ssd1306_128x64_noname)
    u8x8_dummy_cb                            0x08002181   Thumb Code     4  u8x8_setup_1.o(i.u8x8_dummy_cb)
    u8x8_gpio_call                           0x08002185   Thumb Code    12  u8x8_gpio_1.o(i.u8x8_gpio_call)
    u8x8_utf8_init                           0x080021bd   Thumb Code     8  u8x8_8x8_1.o(i.u8x8_utf8_init)
    ui_left_one_Picture                      0x080021c5   Thumb Code     8  menu.o(i.ui_left_one_Picture)
    ui_right_one_Picture                     0x080021cd   Thumb Code     8  menu.o(i.ui_right_one_Picture)
    ui_run                                   0x080021d5   Thumb Code    48  menu.o(i.ui_run)
    u8g2_font_spleen6x12_mf                  0x08002204   Data        2683  u8g2_fonts_1.o(.constdata)
    u8g2_cb_r0                               0x08002c80   Data          12  u8g2_setup_1.o(.constdata)
    game                                     0x08002de4   Data         128  menu.o(.constdata)
    wechat                                   0x08002e64   Data         128  menu.o(.constdata)
    setting                                  0x08002ee4   Data         128  menu.o(.constdata)
    arrowhead                                0x08002f64   Data         200  menu.o(.constdata)
    words                                    0x0800302c   Data          30  menu.o(.constdata)
    Region$$Table$$Base                      0x0800304c   Number         0  anon$$obj.o(Region$$Table)
    Region$$Table$$Limit                     0x0800306c   Number         0  anon$$obj.o(Region$$Table)
    Game_Menu_Flag                           0x2000001b   Data           1  menu.o(.data)
    circle_num                               0x20000025   Data           1  menu.o(.data)
    KeyNum                                   0x20000026   Data           1  menu.o(.data)
    display                                  0x20000028   Data           2  menu.o(.data)
    u8g2                                     0x2000002c   Data         148  main.o(.bss)
    __libspace_start                         0x200004c0   Data          96  libspace.o(.bss)
    __temporary_stack_top$libspace           0x20000520   Data           0  libspace.o(.bss)



==============================================================================

Memory Map of the image

  Image Entry point : 0x080000ed

  Load Region LR_IROM1 (Base: 0x08000000, Size: 0x00003098, Max: 0x00010000, ABSOLUTE)

    Execution Region ER_IROM1 (Base: 0x08000000, Size: 0x0000306c, Max: 0x00010000, ABSOLUTE)

    Base Addr    Size         Type   Attr      Idx    E Section Name        Object

    0x08000000   0x000000ec   Data   RO           19    RESET               startup_stm32f10x_md.o
    0x080000ec   0x00000008   Code   RO         8327  * !!!main             c_w.l(__main.o)
    0x080000f4   0x00000034   Code   RO         8483    !!!scatter          c_w.l(__scatter.o)
    0x08000128   0x0000001a   Code   RO         8485    !!handler_copy      c_w.l(__scatter_copy.o)
    0x08000142   0x00000002   PAD
    0x08000144   0x0000001c   Code   RO         8487    !!handler_zi        c_w.l(__scatter_zi.o)
    0x08000160   0x00000002   Code   RO         8354    .ARM.Collect$$libinit$$00000000  c_w.l(libinit.o)
    0x08000162   0x00000000   Code   RO         8361    .ARM.Collect$$libinit$$00000002  c_w.l(libinit2.o)
    0x08000162   0x00000000   Code   RO         8363    .ARM.Collect$$libinit$$00000004  c_w.l(libinit2.o)
    0x08000162   0x00000000   Code   RO         8366    .ARM.Collect$$libinit$$0000000A  c_w.l(libinit2.o)
    0x08000162   0x00000000   Code   RO         8368    .ARM.Collect$$libinit$$0000000C  c_w.l(libinit2.o)
    0x08000162   0x00000000   Code   RO         8370    .ARM.Collect$$libinit$$0000000E  c_w.l(libinit2.o)
    0x08000162   0x00000000   Code   RO         8373    .ARM.Collect$$libinit$$00000011  c_w.l(libinit2.o)
    0x08000162   0x00000000   Code   RO         8375    .ARM.Collect$$libinit$$00000013  c_w.l(libinit2.o)
    0x08000162   0x00000000   Code   RO         8377    .ARM.Collect$$libinit$$00000015  c_w.l(libinit2.o)
    0x08000162   0x00000000   Code   RO         8379    .ARM.Collect$$libinit$$00000017  c_w.l(libinit2.o)
    0x08000162   0x00000000   Code   RO         8381    .ARM.Collect$$libinit$$00000019  c_w.l(libinit2.o)
    0x08000162   0x00000000   Code   RO         8383    .ARM.Collect$$libinit$$0000001B  c_w.l(libinit2.o)
    0x08000162   0x00000000   Code   RO         8385    .ARM.Collect$$libinit$$0000001D  c_w.l(libinit2.o)
    0x08000162   0x00000000   Code   RO         8387    .ARM.Collect$$libinit$$0000001F  c_w.l(libinit2.o)
    0x08000162   0x00000000   Code   RO         8389    .ARM.Collect$$libinit$$00000021  c_w.l(libinit2.o)
    0x08000162   0x00000000   Code   RO         8391    .ARM.Collect$$libinit$$00000023  c_w.l(libinit2.o)
    0x08000162   0x00000000   Code   RO         8393    .ARM.Collect$$libinit$$00000025  c_w.l(libinit2.o)
    0x08000162   0x00000000   Code   RO         8397    .ARM.Collect$$libinit$$0000002C  c_w.l(libinit2.o)
    0x08000162   0x00000000   Code   RO         8399    .ARM.Collect$$libinit$$0000002E  c_w.l(libinit2.o)
    0x08000162   0x00000000   Code   RO         8401    .ARM.Collect$$libinit$$00000030  c_w.l(libinit2.o)
    0x08000162   0x00000000   Code   RO         8403    .ARM.Collect$$libinit$$00000032  c_w.l(libinit2.o)
    0x08000162   0x00000002   Code   RO         8404    .ARM.Collect$$libinit$$00000033  c_w.l(libinit2.o)
    0x08000164   0x00000002   Code   RO         8424    .ARM.Collect$$libshutdown$$00000000  c_w.l(libshutdown.o)
    0x08000166   0x00000000   Code   RO         8438    .ARM.Collect$$libshutdown$$00000003  c_w.l(libshutdown2.o)
    0x08000166   0x00000000   Code   RO         8441    .ARM.Collect$$libshutdown$$00000006  c_w.l(libshutdown2.o)
    0x08000166   0x00000000   Code   RO         8444    .ARM.Collect$$libshutdown$$00000009  c_w.l(libshutdown2.o)
    0x08000166   0x00000000   Code   RO         8446    .ARM.Collect$$libshutdown$$0000000B  c_w.l(libshutdown2.o)
    0x08000166   0x00000000   Code   RO         8449    .ARM.Collect$$libshutdown$$0000000E  c_w.l(libshutdown2.o)
    0x08000166   0x00000002   Code   RO         8450    .ARM.Collect$$libshutdown$$0000000F  c_w.l(libshutdown2.o)
    0x08000168   0x00000000   Code   RO         8329    .ARM.Collect$$rtentry$$00000000  c_w.l(__rtentry.o)
    0x08000168   0x00000000   Code   RO         8331    .ARM.Collect$$rtentry$$00000002  c_w.l(__rtentry2.o)
    0x08000168   0x00000006   Code   RO         8343    .ARM.Collect$$rtentry$$00000004  c_w.l(__rtentry4.o)
    0x0800016e   0x00000000   Code   RO         8333    .ARM.Collect$$rtentry$$00000009  c_w.l(__rtentry2.o)
    0x0800016e   0x00000004   Code   RO         8334    .ARM.Collect$$rtentry$$0000000A  c_w.l(__rtentry2.o)
    0x08000172   0x00000000   Code   RO         8336    .ARM.Collect$$rtentry$$0000000C  c_w.l(__rtentry2.o)
    0x08000172   0x00000008   Code   RO         8337    .ARM.Collect$$rtentry$$0000000D  c_w.l(__rtentry2.o)
    0x0800017a   0x00000002   Code   RO         8358    .ARM.Collect$$rtexit$$00000000  c_w.l(rtexit.o)
    0x0800017c   0x00000000   Code   RO         8406    .ARM.Collect$$rtexit$$00000002  c_w.l(rtexit2.o)
    0x0800017c   0x00000004   Code   RO         8407    .ARM.Collect$$rtexit$$00000003  c_w.l(rtexit2.o)
    0x08000180   0x00000006   Code   RO         8408    .ARM.Collect$$rtexit$$00000004  c_w.l(rtexit2.o)
    0x08000186   0x00000002   PAD
    0x08000188   0x00000040   Code   RO           20    .text               startup_stm32f10x_md.o
    0x080001c8   0x00000044   Code   RO         8321    .text               c_w.l(rt_memclr.o)
    0x0800020c   0x0000004e   Code   RO         8323    .text               c_w.l(rt_memclr_w.o)
    0x0800025a   0x00000006   Code   RO         8325    .text               c_w.l(heapauxi.o)
    0x08000260   0x0000004a   Code   RO         8345    .text               c_w.l(sys_stackheap_outer.o)
    0x080002aa   0x0000000c   Code   RO         8347    .text               c_w.l(exit.o)
    0x080002b6   0x00000002   PAD
    0x080002b8   0x00000008   Code   RO         8355    .text               c_w.l(libspace.o)
    0x080002c0   0x0000000c   Code   RO         8416    .text               c_w.l(sys_exit.o)
    0x080002cc   0x00000002   Code   RO         8427    .text               c_w.l(use_no_semi.o)
    0x080002ce   0x00000000   Code   RO         8429    .text               c_w.l(indicate_semi.o)
    0x080002ce   0x00000002   Code   RO         3230    i.BusFault_Handler  stm32f10x_it.o
    0x080002d0   0x00000002   Code   RO         3231    i.DebugMon_Handler  stm32f10x_it.o
    0x080002d2   0x00000016   Code   RO         3293    i.Delay_ms          delay.o
    0x080002e8   0x00000020   Code   RO         3295    i.Delay_us          delay.o
    0x08000308   0x000000a2   Code   RO         1340    i.GPIO_Init         stm32f10x_gpio.o
    0x080003aa   0x0000000e   Code   RO         1344    i.GPIO_ReadInputDataBit  stm32f10x_gpio.o
    0x080003b8   0x00000198   Code   RO         8194    i.Game_Menu         menu.o
    0x08000550   0x000001a4   Code   RO         8195    i.Game_To_Menu_Display  menu.o
    0x080006f4   0x00000002   Code   RO         3232    i.HardFault_Handler  stm32f10x_it.o
    0x080006f6   0x00000018   Code   RO         1454    i.I2C_CheckEvent    stm32f10x_i2c.o
    0x0800070e   0x00000014   Code   RO         1457    i.I2C_Cmd           stm32f10x_i2c.o
    0x08000722   0x00000002   PAD
    0x08000724   0x0000004c   Code   RO         7168    i.I2C_Config        u8x8_byte_1.o
    0x08000770   0x00000014   Code   RO         1464    i.I2C_GenerateSTART  stm32f10x_i2c.o
    0x08000784   0x00000014   Code   RO         1465    i.I2C_GenerateSTOP  stm32f10x_i2c.o
    0x08000798   0x0000002a   Code   RO         1466    i.I2C_GetFlagStatus  stm32f10x_i2c.o
    0x080007c2   0x00000002   PAD
    0x080007c4   0x000000bc   Code   RO         1471    i.I2C_Init          stm32f10x_i2c.o
    0x08000880   0x00000010   Code   RO         1478    i.I2C_Send7bitAddress  stm32f10x_i2c.o
    0x08000890   0x00000004   Code   RO         1479    i.I2C_SendData      stm32f10x_i2c.o
    0x08000894   0x00000098   Code   RO         8029    i.Key_GetNum        key.o
    0x0800092c   0x0000002c   Code   RO         8030    i.Key_Init          key.o
    0x08000958   0x00000002   Code   RO         3233    i.MemManage_Handler  stm32f10x_it.o
    0x0800095a   0x00000002   Code   RO         3234    i.NMI_Handler       stm32f10x_it.o
    0x0800095c   0x00000064   Code   RO          132    i.NVIC_Init         misc.o
    0x080009c0   0x00000014   Code   RO          133    i.NVIC_PriorityGroupConfig  misc.o
    0x080009d4   0x00000002   Code   RO         3235    i.PendSV_Handler    stm32f10x_it.o
    0x080009d6   0x00000002   PAD
    0x080009d8   0x00000018   Code   RO         1768    i.RCC_APB1PeriphClockCmd  stm32f10x_rcc.o
    0x080009f0   0x00000018   Code   RO         1770    i.RCC_APB2PeriphClockCmd  stm32f10x_rcc.o
    0x08000a08   0x00000090   Code   RO         1778    i.RCC_GetClocksFreq  stm32f10x_rcc.o
    0x08000a98   0x00000002   Code   RO         3236    i.SVC_Handler       stm32f10x_it.o
    0x08000a9a   0x00000002   PAD
    0x08000a9c   0x000000a8   Code   RO           24    i.SetSysClockTo72   system_stm32f10x.o
    0x08000b44   0x000001e0   Code   RO         8196    i.Show_Menu         menu.o
    0x08000d24   0x00000094   Code   RO         8197    i.Show_Menu_Config  menu.o
    0x08000db8   0x00000002   Code   RO         3237    i.SysTick_Handler   stm32f10x_it.o
    0x08000dba   0x00000002   PAD
    0x08000dbc   0x00000050   Code   RO           26    i.SystemInit        system_stm32f10x.o
    0x08000e0c   0x000001a8   Code   RO         8198    i.To_Game_Menu_Display  menu.o
    0x08000fb4   0x00000014   Code   RO         2937    i.USART_Cmd         stm32f10x_usart.o
    0x08000fc8   0x000000b0   Code   RO         8264    i.USART_Config      usar1t.o
    0x08001078   0x00000030   Code   RO         2943    i.USART_ITConfig    stm32f10x_usart.o
    0x080010a8   0x000000ac   Code   RO         2944    i.USART_Init        stm32f10x_usart.o
    0x08001154   0x00000002   Code   RO         3238    i.UsageFault_Handler  stm32f10x_it.o
    0x08001156   0x0000001c   Code   RO         3173    i.main              main.o
    0x08001172   0x00000012   Code   RO         4052    i.u8g2_ClearBuffer  u8g2_buffer_1.o
    0x08001184   0x00000038   Code   RO         3174    i.u8g2_Config       main.o
    0x080011bc   0x00000088   Code   RO         4023    i.u8g2_DrawFrame    u8g2_box_1.o
    0x08001244   0x00000070   Code   RO         4255    i.u8g2_DrawGlyph    u8g2_font_1.o
    0x080012b4   0x000000ac   Code   RO         6510    i.u8g2_DrawHVLine   u8g2_hvline_1.o
    0x08001360   0x00000094   Code   RO         3975    i.u8g2_DrawHXBM     u8g2_bitmap_1.o
    0x080013f4   0x000000b2   Code   RO         6607    i.u8g2_DrawLine     u8g2_line_1.o
    0x080014a6   0x0000002e   Code   RO         6511    i.u8g2_DrawPixel    u8g2_hvline_1.o
    0x080014d4   0x00000010   Code   RO         4257    i.u8g2_DrawStr      u8g2_font_1.o
    0x080014e4   0x0000004c   Code   RO         3978    i.u8g2_DrawXBM      u8g2_bitmap_1.o
    0x08001530   0x00000030   Code   RO         6571    i.u8g2_IsIntersection  u8g2_intersection_1.o
    0x08001560   0x00000012   Code   RO         4055    i.u8g2_SendBuffer   u8g2_buffer_1.o
    0x08001572   0x00000020   Code   RO         4273    i.u8g2_SetFont      u8g2_font_1.o
    0x08001592   0x00000006   Code   RO         4274    i.u8g2_SetFontDirection  u8g2_font_1.o
    0x08001598   0x00000006   Code   RO         4275    i.u8g2_SetFontMode  u8g2_font_1.o
    0x0800159e   0x00000002   PAD
    0x080015a0   0x0000000c   Code   RO         4276    i.u8g2_SetFontPosBaseline  u8g2_font_1.o
    0x080015ac   0x0000001c   Code   RO         6759    i.u8g2_SetMaxClipWindow  u8g2_setup_1.o
    0x080015c8   0x00000046   Code   RO         6760    i.u8g2_SetupBuffer  u8g2_setup_1.o
    0x0800160e   0x00000002   PAD
    0x08001610   0x00000038   Code   RO         4241    i.u8g2_Setup_ssd1306_i2c_128x64_noname_f  u8g2_d_setup_1.o
    0x08001648   0x00000052   Code   RO         4283    i.u8g2_UpdateRefHeight  u8g2_font_1.o
    0x0800169a   0x0000001c   Code   RO         4284    i.u8g2_add_vector_x  u8g2_font_1.o
    0x080016b6   0x0000001c   Code   RO         4285    i.u8g2_add_vector_y  u8g2_font_1.o
    0x080016d2   0x0000006e   Code   RO         6762    i.u8g2_apply_clip_window  u8g2_setup_1.o
    0x08001740   0x0000003c   Code   RO         6514    i.u8g2_clip_intersection2  u8g2_hvline_1.o
    0x0800177c   0x00000012   Code   RO         6515    i.u8g2_draw_hv_line_2dir  u8g2_hvline_1.o
    0x0800178e   0x0000000c   Code   RO         6764    i.u8g2_draw_l90_r0  u8g2_setup_1.o
    0x0800179a   0x00000076   Code   RO         4286    i.u8g2_draw_string  u8g2_font_1.o
    0x08001810   0x00000004   Code   RO         4292    i.u8g2_font_calc_vref_font  u8g2_font_1.o
    0x08001814   0x00000014   Code   RO         4294    i.u8g2_font_decode_get_signed_bits  u8g2_font_1.o
    0x08001828   0x00000034   Code   RO         4295    i.u8g2_font_decode_get_unsigned_bits  u8g2_font_1.o
    0x0800185c   0x00000114   Code   RO         4296    i.u8g2_font_decode_glyph  u8g2_font_1.o
    0x08001970   0x0000008c   Code   RO         4297    i.u8g2_font_decode_len  u8g2_font_1.o
    0x080019fc   0x00000072   Code   RO         4298    i.u8g2_font_get_glyph_data  u8g2_font_1.o
    0x08001a6e   0x00000014   Code   RO         4299    i.u8g2_font_get_word  u8g2_font_1.o
    0x08001a82   0x00000034   Code   RO         4300    i.u8g2_font_setup_decode  u8g2_font_1.o
    0x08001ab6   0x00000042   Code   RO         3655    i.u8g2_gpio_and_delay_stm32  mui_u8g2_1.o
    0x08001af8   0x00000018   Code   RO         6572    i.u8g2_is_intersection_decision_tree  u8g2_intersection_1.o
    0x08001b10   0x0000008e   Code   RO         6620    i.u8g2_ll_hvline_vertical_top_lsb  u8g2_ll_hvline_1.o
    0x08001b9e   0x00000002   PAD
    0x08001ba0   0x0000000c   Code   RO         4228    i.u8g2_m_16_8_f     u8g2_d_memory_1.o
    0x08001bac   0x0000006a   Code   RO         4301    i.u8g2_read_font_info  u8g2_font_1.o
    0x08001c16   0x0000004e   Code   RO         4063    i.u8g2_send_buffer  u8g2_buffer_1.o
    0x08001c64   0x00000046   Code   RO         6769    i.u8g2_update_dimension_common  u8g2_setup_1.o
    0x08001caa   0x00000004   Code   RO         6770    i.u8g2_update_dimension_r0  u8g2_setup_1.o
    0x08001cae   0x00000022   Code   RO         6774    i.u8g2_update_page_win_r0  u8g2_setup_1.o
    0x08001cd0   0x0000001e   Code   RO         7559    i.u8x8_DrawTile     u8x8_display_1.o
    0x08001cee   0x00000010   Code   RO         7561    i.u8x8_InitDisplay  u8x8_display_1.o
    0x08001cfe   0x00000010   Code   RO         7563    i.u8x8_RefreshDisplay  u8x8_display_1.o
    0x08001d0e   0x00000010   Code   RO         7566    i.u8x8_SetPowerSave  u8x8_display_1.o
    0x08001d1e   0x00000022   Code   RO         7865    i.u8x8_Setup        u8x8_setup_1.o
    0x08001d40   0x00000024   Code   RO         7866    i.u8x8_SetupDefaults  u8x8_setup_1.o
    0x08001d64   0x00000010   Code   RO         7567    i.u8x8_SetupMemory  u8x8_display_1.o
    0x08001d74   0x0000000e   Code   RO         7054    i.u8x8_ascii_next   u8x8_8x8_1.o
    0x08001d82   0x00000010   Code   RO         7180    i.u8x8_byte_EndTransfer  u8x8_byte_1.o
    0x08001d92   0x0000000e   Code   RO         7181    i.u8x8_byte_SendByte  u8x8_byte_1.o
    0x08001da0   0x00000010   Code   RO         7184    i.u8x8_byte_StartTransfer  u8x8_byte_1.o
    0x08001db0   0x000000ec   Code   RO         7186    i.u8x8_byte_hw_i2c  u8x8_byte_1.o
    0x08001e9c   0x00000010   Code   RO         7311    i.u8x8_cad_EndTransfer  u8x8_cad_1.o
    0x08001eac   0x00000010   Code   RO         7312    i.u8x8_cad_SendArg  u8x8_cad_1.o
    0x08001ebc   0x00000010   Code   RO         7313    i.u8x8_cad_SendCmd  u8x8_cad_1.o
    0x08001ecc   0x00000010   Code   RO         7314    i.u8x8_cad_SendData  u8x8_cad_1.o
    0x08001edc   0x00000068   Code   RO         7316    i.u8x8_cad_SendSequence  u8x8_cad_1.o
    0x08001f44   0x00000010   Code   RO         7317    i.u8x8_cad_StartTransfer  u8x8_cad_1.o
    0x08001f54   0x000000bc   Code   RO         7320    i.u8x8_cad_ssd13xx_fast_i2c  u8x8_cad_1.o
    0x08002010   0x00000060   Code   RO         7568    i.u8x8_d_helper_display_init  u8x8_display_1.o
    0x08002070   0x0000000a   Code   RO         7569    i.u8x8_d_helper_display_setup_memory  u8x8_display_1.o
    0x0800207a   0x00000002   PAD
    0x0800207c   0x0000003c   Code   RO         7493    i.u8x8_d_ssd1306_128x64_noname  u8x8_d_ssd1306_128x64_noname_1.o
    0x080020b8   0x000000c8   Code   RO         7495    i.u8x8_d_ssd1306_sh1106_generic  u8x8_d_ssd1306_128x64_noname_1.o
    0x08002180   0x00000004   Code   RO         7868    i.u8x8_dummy_cb     u8x8_setup_1.o
    0x08002184   0x0000000c   Code   RO         7787    i.u8x8_gpio_call    u8x8_gpio_1.o
    0x08002190   0x0000002c   Code   RO         7328    i.u8x8_i2c_data_transfer  u8x8_cad_1.o
    0x080021bc   0x00000008   Code   RO         7062    i.u8x8_utf8_init    u8x8_8x8_1.o
    0x080021c4   0x00000008   Code   RO         8199    i.ui_left_one_Picture  menu.o
    0x080021cc   0x00000008   Code   RO         8200    i.ui_right_one_Picture  menu.o
    0x080021d4   0x00000030   Code   RO         8201    i.ui_run            menu.o
    0x08002204   0x00000a7b   Data   RO         5463    .constdata          u8g2_fonts_1.o
    0x08002c7f   0x00000001   PAD
    0x08002c80   0x0000000c   Data   RO         6778    .constdata          u8g2_setup_1.o
    0x08002c8c   0x00000158   Data   RO         7497    .constdata          u8x8_d_ssd1306_128x64_noname_1.o
    0x08002de4   0x00000266   Data   RO         8202    .constdata          menu.o
    0x0800304a   0x00000002   PAD
    0x0800304c   0x00000020   Data   RO         8481    Region$$Table       anon$$obj.o


    Execution Region RW_IRAM1 (Base: 0x20000000, Size: 0x00000b20, Max: 0x00005000, ABSOLUTE)

    Base Addr    Size         Type   Attr      Idx    E Section Name        Object

    0x20000000   0x00000014   Data   RW         1798    .data               stm32f10x_rcc.o
    0x20000014   0x00000006   Data   RW         7330    .data               u8x8_cad_1.o
    0x2000001a   0x00000010   Data   RW         8208    .data               menu.o
    0x2000002a   0x00000002   PAD
    0x2000002c   0x00000094   Zero   RW         3175    .bss                main.o
    0x200000c0   0x00000400   Zero   RW         4229    .bss                u8g2_d_memory_1.o
    0x200004c0   0x00000060   Zero   RW         8356    .bss                c_w.l(libspace.o)
    0x20000520   0x00000200   Zero   RW           18    HEAP                startup_stm32f10x_md.o
    0x20000720   0x00000400   Zero   RW           17    STACK               startup_stm32f10x_md.o


==============================================================================

Image component sizes


      Code (inc. data)   RO Data    RW Data    ZI Data      Debug   Object Name

         0          0          0          0          0       4536   core_cm3.o
        54          0          0          0          0       1172   delay.o
       196         10          0          0          0       1056   key.o
        84         18          0          0        148     160857   main.o
      1944        336        614         16          0       7149   menu.o
       120         16          0          0          0     204707   misc.o
        66          0          0          0          0     159837   mui_u8g2_1.o
        64         26        236          0       1536        800   startup_stm32f10x_md.o
         0          0          0          0          0       1668   stm32f10x_adc.o
       176          0          0          0          0      10588   stm32f10x_gpio.o
       334         10          0          0          0      13878   stm32f10x_i2c.o
        18          0          0          0          0       3822   stm32f10x_it.o
       192         28          0         20          0      12958   stm32f10x_rcc.o
       240          6          0          0          0       9302   stm32f10x_usart.o
       248         24          0          0          0      32569   system_stm32f10x.o
       224          0          0          0          0       1615   u8g2_bitmap_1.o
       136          0          0          0          0        601   u8g2_box_1.o
       114          0          0          0          0       2235   u8g2_buffer_1.o
        12          4          0          0       1024        820   u8g2_d_memory_1.o
        56         14          0          0          0        949   u8g2_d_setup_1.o
      1224         10          0          0          0      12891   u8g2_font_1.o
         0          0       2683          0          0     145354   u8g2_fonts_1.o
       296          0          0          0          0       2736   u8g2_hvline_1.o
        72          0          0          0          0       1635   u8g2_intersection_1.o
       178          0          0          0          0        832   u8g2_line_1.o
       142          0          0          0          0       1162   u8g2_ll_hvline_1.o
       328          0         12          0          0     146418   u8g2_setup_1.o
        22          0          0          0          0       1761   u8x8_8x8_1.o
       358         24          0          0          0       3647   u8x8_byte_1.o
       416         12          0          6          0       7404   u8x8_cad_1.o
       260         12        344          0          0       2787   u8x8_d_ssd1306_128x64_noname_1.o
       200          0          0          0          0       4018   u8x8_display_1.o
        12          0          0          0          0        513   u8x8_gpio_1.o
        74          4          0          0          0       1586   u8x8_setup_1.o
       176          8          0          0          0       1120   usar1t.o

    ----------------------------------------------------------------------
      8054        562       3924         44       2708     964983   Object Totals
         0          0         32          0          0          0   (incl. Generated)
        18          0          3          2          0          0   (incl. Padding)

    ----------------------------------------------------------------------

      Code (inc. data)   RO Data    RW Data    ZI Data      Debug   Library Member Name

         8          0          0          0          0         68   __main.o
         0          0          0          0          0          0   __rtentry.o
        12          0          0          0          0          0   __rtentry2.o
         6          0          0          0          0          0   __rtentry4.o
        52          8          0          0          0          0   __scatter.o
        26          0          0          0          0          0   __scatter_copy.o
        28          0          0          0          0          0   __scatter_zi.o
        12          0          0          0          0         72   exit.o
         6          0          0          0          0        152   heapauxi.o
         0          0          0          0          0          0   indicate_semi.o
         2          0          0          0          0          0   libinit.o
         2          0          0          0          0          0   libinit2.o
         2          0          0          0          0          0   libshutdown.o
         2          0          0          0          0          0   libshutdown2.o
         8          4          0          0         96         68   libspace.o
        68          0          0          0          0         68   rt_memclr.o
        78          0          0          0          0         80   rt_memclr_w.o
         2          0          0          0          0          0   rtexit.o
        10          0          0          0          0          0   rtexit2.o
        12          4          0          0          0         68   sys_exit.o
        74          0          0          0          0         80   sys_stackheap_outer.o
         2          0          0          0          0         68   use_no_semi.o

    ----------------------------------------------------------------------
       418         16          0          0         96        724   Library Totals
         6          0          0          0          0          0   (incl. Padding)

    ----------------------------------------------------------------------

      Code (inc. data)   RO Data    RW Data    ZI Data      Debug   Library Name

       412         16          0          0         96        724   c_w.l

    ----------------------------------------------------------------------
       418         16          0          0         96        724   Library Totals

    ----------------------------------------------------------------------

==============================================================================


      Code (inc. data)   RO Data    RW Data    ZI Data      Debug   

      8472        578       3924         44       2804     959723   Grand Totals
      8472        578       3924         44       2804     959723   ELF Image Totals
      8472        578       3924         44          0          0   ROM Totals

==============================================================================

    Total RO  Size (Code + RO Data)                12396 (  12.11kB)
    Total RW  Size (RW Data + ZI Data)              2848 (   2.78kB)
    Total ROM Size (Code + RO Data + RW Data)      12440 (  12.15kB)

==============================================================================

